\BOOKMARK [1][-]{section.0.1}{\376\377\000I\000n\000t\000r\000o\000d\000u\000c\000c\000i\000\363\000n}{}% 1
\BOOKMARK [1][-]{section.0.2}{\376\377\000M\000o\000d\000e\000l\000o\000\040\000d\000e\000l\000\040\000S\000i\000s\000t\000e\000m\000a}{}% 2
\BOOKMARK [2][-]{subsection.0.2.1}{\376\377\000P\000l\000a\000n\000t\000a\000\040\000N\000o\000\040\000L\000i\000n\000e\000a\000l\000\040\000E\000s\000t\000a\000b\000l\000e}{section.0.2}% 3
\BOOKMARK [2][-]{subsection.0.2.2}{\376\377\000L\000i\000n\000e\000a\000l\000i\000z\000a\000c\000i\000\363\000n\000\040\000E\000s\000t\000a\000b\000l\000e}{section.0.2}% 4
\BOOKMARK [2][-]{subsection.0.2.3}{\376\377\000D\000i\000s\000c\000r\000e\000t\000i\000z\000a\000c\000i\000\363\000n\000\040\000Z\000O\000H}{section.0.2}% 5
\BOOKMARK [1][-]{section.0.3}{\376\377\000M\000\351\000t\000o\000d\000o\000\040\000A\000R\000M\000A\000X\000\040\000S\000i\000m\000p\000l\000i\000f\000i\000c\000a\000d\000o}{}% 6
\BOOKMARK [2][-]{subsection.0.3.1}{\376\377\000F\000o\000r\000m\000u\000l\000a\000c\000i\000\363\000n\000\040\000d\000e\000l\000\040\000M\000o\000d\000e\000l\000o}{section.0.3}% 7
\BOOKMARK [2][-]{subsection.0.3.2}{\376\377\000E\000s\000t\000i\000m\000a\000c\000i\000\363\000n\000\040\000R\000L\000S}{section.0.3}% 8
\BOOKMARK [1][-]{section.0.4}{\376\377\000D\000i\000s\000e\000\361\000o\000\040\000E\000x\000p\000e\000r\000i\000m\000e\000n\000t\000a\000l}{}% 9
\BOOKMARK [2][-]{subsection.0.4.1}{\376\377\000S\000e\000\361\000a\000l\000\040\000d\000e\000\040\000E\000x\000c\000i\000t\000a\000c\000i\000\363\000n}{section.0.4}% 10
\BOOKMARK [2][-]{subsection.0.4.2}{\376\377\000G\000e\000n\000e\000r\000a\000c\000i\000\363\000n\000\040\000d\000e\000\040\000D\000a\000t\000o\000s}{section.0.4}% 11
\BOOKMARK [1][-]{section.0.5}{\376\377\000R\000e\000s\000u\000l\000t\000a\000d\000o\000s\000\040\000d\000e\000\040\000I\000d\000e\000n\000t\000i\000f\000i\000c\000a\000c\000i\000\363\000n}{}% 12
\BOOKMARK [2][-]{subsection.0.5.1}{\376\377\000P\000a\000r\000\341\000m\000e\000t\000r\000o\000s\000\040\000E\000s\000t\000i\000m\000a\000d\000o\000s}{section.0.5}% 13
\BOOKMARK [2][-]{subsection.0.5.2}{\376\377\000A\000n\000\341\000l\000i\000s\000i\000s\000\040\000d\000e\000\040\000E\000s\000t\000a\000b\000i\000l\000i\000d\000a\000d}{section.0.5}% 14
\BOOKMARK [2][-]{subsection.0.5.3}{\376\377\000V\000a\000l\000i\000d\000a\000c\000i\000\363\000n\000\040\000E\000s\000t\000a\000d\000\355\000s\000t\000i\000c\000a}{section.0.5}% 15
\BOOKMARK [1][-]{section.0.6}{\376\377\000A\000n\000\341\000l\000i\000s\000i\000s\000\040\000d\000e\000\040\000R\000e\000s\000u\000l\000t\000a\000d\000o\000s}{}% 16
\BOOKMARK [2][-]{subsection.0.6.1}{\376\377\000\311\000x\000i\000t\000o\000\040\000d\000e\000\040\000l\000a\000\040\000I\000d\000e\000n\000t\000i\000f\000i\000c\000a\000c\000i\000\363\000n\000\040\000D\000i\000n\000\341\000m\000i\000c\000a}{section.0.6}% 17
\BOOKMARK [2][-]{subsection.0.6.2}{\376\377\000L\000i\000m\000i\000t\000a\000c\000i\000\363\000n\000\040\000e\000n\000\040\000l\000a\000\040\000I\000d\000e\000n\000t\000i\000f\000i\000c\000a\000c\000i\000\363\000n\000\040\000d\000e\000\040\000G\000a\000n\000a\000n\000c\000i\000a}{section.0.6}% 18
\BOOKMARK [2][-]{subsection.0.6.3}{\376\377\000M\000o\000d\000e\000l\000a\000d\000o\000\040\000d\000e\000\040\000R\000u\000i\000d\000o}{section.0.6}% 19
\BOOKMARK [1][-]{section.0.7}{\376\377\000C\000o\000m\000p\000a\000r\000a\000c\000i\000\363\000n\000\040\000c\000o\000n\000\040\000E\000n\000f\000o\000q\000u\000e\000s\000\040\000F\000a\000l\000l\000i\000d\000o\000s}{}% 20
\BOOKMARK [2][-]{subsection.0.7.1}{\376\377\000C\000o\000n\000t\000r\000a\000s\000t\000e\000\040\000c\000o\000n\000\040\000M\000o\000d\000e\000l\000o\000s\000\040\000L\000i\000n\000e\000a\000l\000e\000s}{section.0.7}% 21
\BOOKMARK [2][-]{subsection.0.7.2}{\376\377\000L\000e\000c\000c\000i\000o\000n\000e\000s\000\040\000A\000p\000r\000e\000n\000d\000i\000d\000a\000s}{section.0.7}% 22
\BOOKMARK [1][-]{section.0.8}{\376\377\000V\000a\000l\000i\000d\000a\000c\000i\000\363\000n\000\040\000p\000o\000r\000\040\000S\000i\000m\000u\000l\000a\000c\000i\000\363\000n}{}% 23
\BOOKMARK [2][-]{subsection.0.8.1}{\376\377\000C\000o\000m\000p\000a\000r\000a\000c\000i\000\363\000n\000\040\000d\000e\000\040\000M\000o\000d\000e\000l\000o\000s}{section.0.8}% 24
\BOOKMARK [2][-]{subsection.0.8.2}{\376\377\000A\000n\000\341\000l\000i\000s\000i\000s\000\040\000d\000e\000\040\000V\000a\000l\000i\000d\000a\000c\000i\000\363\000n}{section.0.8}% 25
\BOOKMARK [1][-]{section.0.9}{\376\377\000C\000o\000n\000c\000l\000u\000s\000i\000o\000n\000e\000s}{}% 26
\BOOKMARK [2][-]{subsection.0.9.1}{\376\377\000P\000r\000i\000n\000c\000i\000p\000a\000l\000e\000s\000\040\000L\000o\000g\000r\000o\000s}{section.0.9}% 27
\BOOKMARK [2][-]{subsection.0.9.2}{\376\377\000C\000o\000n\000t\000r\000i\000b\000u\000c\000i\000o\000n\000e\000s\000\040\000M\000e\000t\000o\000d\000o\000l\000\363\000g\000i\000c\000a\000s}{section.0.9}% 28
\BOOKMARK [2][-]{subsection.0.9.3}{\376\377\000C\000o\000n\000c\000l\000u\000s\000i\000\363\000n\000\040\000F\000i\000n\000a\000l}{section.0.9}% 29
\BOOKMARK [2][-]{subsection.0.9.4}{\376\377\000N\000o\000t\000a\000\040\000s\000o\000b\000r\000e\000\040\000I\000m\000p\000l\000e\000m\000e\000n\000t\000a\000c\000i\000\363\000n}{section.0.9}% 30
