\BOOKMARK [1][-]{section.0.1}{\376\377\000I\000n\000t\000r\000o\000d\000u\000c\000c\000i\000\363\000n}{}% 1
\BOOKMARK [1][-]{section.0.2}{\376\377\000M\000a\000r\000c\000o\000\040\000T\000e\000\363\000r\000i\000c\000o\000:\000\040\000e\000l\000\040\000S\000e\000l\000f\000-\000T\000u\000n\000i\000n\000g\000\040\000R\000e\000g\000u\000l\000a\000t\000o\000r}{}% 2
\BOOKMARK [2][-]{subsection.0.2.1}{\376\377\000C\000o\000n\000t\000r\000o\000l\000\040\000a\000d\000a\000p\000t\000a\000t\000i\000v\000o\000\040\000y\000\040\000s\000e\000l\000f\000-\000t\000u\000n\000i\000n\000g}{section.0.2}% 3
\BOOKMARK [2][-]{subsection.0.2.2}{\376\377\000M\000o\000d\000e\000l\000o\000\040\000d\000e\000\040\000l\000a\000\040\000p\000l\000a\000n\000t\000a\000\040\000y\000\040\000l\000e\000y\000\040\000d\000e\000\040\000c\000o\000n\000t\000r\000o\000l\000\040\000R\000S\000T}{section.0.2}% 4
\BOOKMARK [2][-]{subsection.0.2.3}{\376\377\000D\000i\000s\000e\000\361\000o\000\040\000p\000o\000r\000\040\000c\000o\000l\000o\000c\000a\000c\000i\000\363\000n\000\040\000d\000e\000\040\000p\000o\000l\000o\000s\000\040\000y\000\040\000e\000c\000u\000a\000c\000i\000\363\000n\000\040\000D\000i\000o\000f\000a\000n\000t\000i\000n\000a}{section.0.2}% 5
\BOOKMARK [2][-]{subsection.0.2.4}{\376\377\000R\000e\000c\000h\000a\000z\000o\000\040\000d\000e\000\040\000p\000e\000r\000t\000u\000r\000b\000a\000c\000i\000o\000n\000e\000s}{section.0.2}% 6
\BOOKMARK [2][-]{subsection.0.2.5}{\376\377\000E\000s\000t\000i\000m\000a\000c\000i\000\363\000n\000\040\000r\000e\000c\000u\000r\000s\000i\000v\000a\000\040\000\050\000R\000L\000S\000\040\000c\000o\000n\000\040\000o\000l\000v\000i\000d\000o\000\051}{section.0.2}% 7
\BOOKMARK [2][-]{subsection.0.2.6}{\376\377\000A\000l\000g\000o\000r\000i\000t\000m\000o\000\040\000i\000n\000d\000i\000r\000e\000c\000t\000o}{section.0.2}% 8
\BOOKMARK [1][-]{section.0.3}{\376\377\000S\000i\000s\000t\000e\000m\000a\000:\000\040\000e\000l\000\040\000P\000\351\000n\000d\000u\000l\000o\000\040\000I\000n\000v\000e\000r\000t\000i\000d\000o}{}% 9
\BOOKMARK [2][-]{subsection.0.3.1}{\376\377\000M\000o\000d\000e\000l\000o\000\040\000n\000o\000\040\000l\000i\000n\000e\000a\000l}{section.0.3}% 10
\BOOKMARK [2][-]{subsection.0.3.2}{\376\377\000L\000i\000n\000e\000a\000l\000i\000z\000a\000c\000i\000\363\000n}{section.0.3}% 11
\BOOKMARK [2][-]{subsection.0.3.3}{\376\377\000D\000i\000s\000c\000r\000e\000t\000i\000z\000a\000c\000i\000\363\000n\000\040\000Z\000O\000H\000\040\000a\000n\000a\000l\000\355\000t\000i\000c\000a\000\040\000y\000\040\000m\000o\000d\000e\000l\000o\000\040\000A\000R\000X}{section.0.3}% 12
\BOOKMARK [1][-]{section.0.4}{\376\377\000D\000i\000s\000e\000\361\000o\000\040\000d\000e\000l\000\040\000R\000e\000g\000u\000l\000a\000d\000o\000r\000\040\000S\000T\000R\000\040\000\050\000p\000a\000s\000o\000\040\000a\000\040\000p\000a\000s\000o\000\051}{}% 13
\BOOKMARK [2][-]{subsection.0.4.1}{\376\377\000E\000s\000t\000r\000u\000c\000t\000u\000r\000a\000\040\000e\000l\000e\000g\000i\000d\000a}{section.0.4}% 14
\BOOKMARK [2][-]{subsection.0.4.2}{\376\377\000E\000l\000e\000c\000c\000i\000\363\000n\000\040\000d\000e\000\040\000l\000o\000s\000\040\000p\000o\000l\000o\000s\000\040\000d\000e\000\040\000l\000a\000z\000o\000\040\000c\000e\000r\000r\000a\000d\000o}{section.0.4}% 15
\BOOKMARK [2][-]{subsection.0.4.3}{\376\377\000G\000r\000a\000d\000o\000s\000\040\000y\000\040\000c\000a\000u\000s\000a\000l\000i\000d\000a\000d}{section.0.4}% 16
\BOOKMARK [2][-]{subsection.0.4.4}{\376\377\000R\000e\000s\000o\000l\000u\000c\000i\000\363\000n\000\040\000d\000e\000\040\000l\000a\000\040\000e\000c\000u\000a\000c\000i\000\363\000n\000\040\000D\000i\000o\000f\000a\000n\000t\000i\000n\000a\000\040\000\050\000m\000a\000t\000r\000i\000z\000\040\000d\000e\000\040\000S\000y\000l\000v\000e\000s\000t\000e\000r\000\051}{section.0.4}% 17
\BOOKMARK [2][-]{subsection.0.4.5}{\376\377\000P\000r\000e\000a\000l\000i\000m\000e\000n\000t\000a\000c\000i\000\363\000n\000\040\000\050\000g\000a\000n\000a\000n\000c\000i\000a\000\040\000e\000s\000t\000\341\000t\000i\000c\000a\000\040\000u\000n\000i\000t\000a\000r\000i\000a\000\051}{section.0.4}% 18
\BOOKMARK [2][-]{subsection.0.4.6}{\376\377\000D\000i\000a\000g\000r\000a\000m\000a\000\040\000d\000e\000\040\000b\000l\000o\000q\000u\000e\000s}{section.0.4}% 19
\BOOKMARK [1][-]{section.0.5}{\376\377\000I\000m\000p\000l\000e\000m\000e\000n\000t\000a\000c\000i\000\363\000n}{}% 20
\BOOKMARK [2][-]{subsection.0.5.1}{\376\377\000E\000s\000t\000i\000m\000a\000d\000o\000r\000\040\000R\000L\000S}{section.0.5}% 21
\BOOKMARK [2][-]{subsection.0.5.2}{\376\377\000E\000c\000u\000a\000c\000i\000o\000n\000\040\000D\000i\000o\000f\000a\000n\000t\000i\000n\000a\000\040\000\050\000S\000y\000l\000v\000e\000s\000t\000e\000r\000\051\000\040\000y\000\040\000d\000i\000s\000e\000n\000o\000\040\000R\000S\000T}{section.0.5}% 22
\BOOKMARK [2][-]{subsection.0.5.3}{\376\377\000C\000o\000n\000t\000r\000o\000l\000a\000d\000o\000r\000\040\000R\000S\000T}{section.0.5}% 23
\BOOKMARK [2][-]{subsection.0.5.4}{\376\377\000B\000u\000c\000l\000e\000\040\000a\000d\000a\000p\000t\000a\000t\000i\000v\000o}{section.0.5}% 24
\BOOKMARK [1][-]{section.0.6}{\376\377\000R\000e\000s\000u\000l\000t\000a\000d\000o\000s\000\040\000y\000\040\000V\000a\000l\000i\000d\000a\000c\000i\000\363\000n}{}% 25
\BOOKMARK [1][-]{section.0.7}{\376\377\000A\000n\000\341\000l\000i\000s\000i\000s\000\040\000d\000e\000\040\000e\000s\000t\000a\000b\000i\000l\000i\000d\000a\000d\000\040\000y\000\040\000c\000o\000n\000v\000e\000r\000g\000e\000n\000c\000i\000a\000;\000\040\000r\000o\000b\000u\000s\000t\000e\000z}{}% 26
\BOOKMARK [2][-]{subsection.0.7.1}{\376\377\000V\000e\000r\000i\000f\000i\000c\000a\000c\000i\000\363\000n\000\040\000d\000e\000l\000\040\000d\000i\000s\000e\000\361\000o}{section.0.7}% 27
\BOOKMARK [2][-]{subsection.0.7.2}{\376\377\000P\000o\000r\000\040\000q\000u\000\351\000\040\000e\000l\000\040\000r\000e\000g\000u\000l\000a\000d\000o\000r\000\040\000n\000o\000\040\000c\000o\000n\000v\000e\000r\000g\000e\000\040\000\050\000m\000o\000d\000o\000\040\000b\000\341\000s\000i\000c\000o\000\051}{section.0.7}% 28
\BOOKMARK [2][-]{subsection.0.7.3}{\376\377\000M\000e\000j\000o\000r\000a\000s\000\040\000d\000e\000\040\000r\000o\000b\000u\000s\000t\000e\000z}{section.0.7}% 29
\BOOKMARK [2][-]{subsection.0.7.4}{\376\377\000R\000e\000s\000u\000l\000t\000a\000d\000o\000s\000\040\000c\000o\000m\000p\000a\000r\000a\000t\000i\000v\000o\000s}{section.0.7}% 30
\BOOKMARK [2][-]{subsection.0.7.5}{\376\377\000D\000e\000m\000o\000s\000t\000r\000a\000c\000i\000\363\000n\000\040\000c\000o\000n\000\040\000p\000l\000a\000n\000t\000a\000\040\000d\000i\000s\000t\000i\000n\000t\000a\000\040\000a\000\040\000p\000r\000i\000o\000r\000i}{section.0.7}% 31
\BOOKMARK [2][-]{subsection.0.7.6}{\376\377\000S\000u\000i\000t\000e\000\040\000d\000e\000\040\000v\000a\000l\000i\000d\000a\000c\000i\000\363\000n}{section.0.7}% 32
\BOOKMARK [1][-]{section.0.8}{\376\377\000C\000o\000n\000c\000l\000u\000s\000i\000o\000n\000e\000s}{}% 33
