This is pdfTeX, Version 3.141592653-2.6-1.40.25 (MiKTeX 24.1) (preloaded format=pdflatex 2025.10.31)  14 NOV 2025 18:47
entering extended mode
 restricted \write18 enabled.
 %&-line parsing enabled.
**./presentacion_armax.tex
(presentacion_armax.tex
LaTeX2e <2023-11-01> patch level 1
L3 programming layer <2024-01-04>
(C:\Users\lucas\AppData\Local\Programs\MiKTeX\tex/latex/beamer\beamer.cls
Document Class: beamer 2025/08/13 v3.76 A class for typesetting presentations

(C:\Users\lucas\AppData\Local\Programs\MiKTeX\tex/latex/beamer\beamerbasemodes.
sty
(C:\Users\lucas\AppData\Local\Programs\MiKTeX\tex/latex/etoolbox\etoolbox.sty
Package: etoolbox 2020/10/05 v2.5k e-TeX tools for LaTeX (JAW)
\etb@tempcnta=\count187
)
\beamer@tempbox=\box51
\beamer@tempcount=\count188
\c@beamerpauses=\count189

(C:\Users\lucas\AppData\Local\Programs\MiKTeX\tex/latex/beamer\beamerbasedecode
.sty
\beamer@slideinframe=\count190
\beamer@minimum=\count191
\beamer@decode@box=\box52
)
\beamer@commentbox=\box53
\beamer@modecount=\count192
)
(C:\Users\lucas\AppData\Local\Programs\MiKTeX\tex/generic/iftex\iftex.sty
Package: iftex 2022/02/03 v1.0f TeX engine tests
)
\headdp=\dimen140
\footheight=\dimen141
\sidebarheight=\dimen142
\beamer@tempdim=\dimen143
\beamer@finalheight=\dimen144
\beamer@animht=\dimen145
\beamer@animdp=\dimen146
\beamer@animwd=\dimen147
\beamer@leftmargin=\dimen148
\beamer@rightmargin=\dimen149
\beamer@leftsidebar=\dimen150
\beamer@rightsidebar=\dimen151
\beamer@boxsize=\dimen152
\beamer@vboxoffset=\dimen153
\beamer@descdefault=\dimen154
\beamer@descriptionwidth=\dimen155
\beamer@lastskip=\skip48
\beamer@areabox=\box54
\beamer@animcurrent=\box55
\beamer@animshowbox=\box56
\beamer@sectionbox=\box57
\beamer@logobox=\box58
\beamer@linebox=\box59
\beamer@sectioncount=\count193
\beamer@subsubsectionmax=\count194
\beamer@subsectionmax=\count195
\beamer@sectionmax=\count196
\beamer@totalheads=\count197
\beamer@headcounter=\count198
\beamer@partstartpage=\count199
\beamer@sectionstartpage=\count266
\beamer@subsectionstartpage=\count267
\beamer@animationtempa=\count268
\beamer@animationtempb=\count269
\beamer@xpos=\count270
\beamer@ypos=\count271
\beamer@ypos@offset=\count272
\beamer@showpartnumber=\count273
\beamer@currentsubsection=\count274
\beamer@coveringdepth=\count275
\beamer@sectionadjust=\count276
\beamer@toclastsection=\count277
\beamer@tocsectionnumber=\count278

(C:\Users\lucas\AppData\Local\Programs\MiKTeX\tex/latex/beamer\beamerbaseoption
s.sty
(C:\Users\lucas\AppData\Local\Programs\MiKTeX\tex/latex/graphics\keyval.sty
Package: keyval 2022/05/29 v1.15 key=value parser (DPC)
\KV@toks@=\toks17
))
\beamer@paperwidth=\skip49
\beamer@paperheight=\skip50

(C:\Users\lucas\AppData\Local\Programs\MiKTeX\tex/latex/geometry\geometry.sty
Package: geometry 2020/01/02 v5.9 Page Geometry

(C:\Users\lucas\AppData\Local\Programs\MiKTeX\tex/generic/iftex\ifvtex.sty
Package: ifvtex 2019/10/25 v1.7 ifvtex legacy package. Use iftex instead.
)
\Gm@cnth=\count279
\Gm@cntv=\count280
\c@Gm@tempcnt=\count281
\Gm@bindingoffset=\dimen156
\Gm@wd@mp=\dimen157
\Gm@odd@mp=\dimen158
\Gm@even@mp=\dimen159
\Gm@layoutwidth=\dimen160
\Gm@layoutheight=\dimen161
\Gm@layouthoffset=\dimen162
\Gm@layoutvoffset=\dimen163
\Gm@dimlist=\toks18

(C:\Users\lucas\AppData\Local\Programs\MiKTeX\tex/latex/geometry\geometry.cfg))
(C:\Users\lucas\AppData\Local\Programs\MiKTeX\tex/latex/pgf/math\pgfmath.sty
(C:\Users\lucas\AppData\Local\Programs\MiKTeX\tex/latex/pgf/utilities\pgfrcs.st
y
(C:\Users\lucas\AppData\Local\Programs\MiKTeX\tex/generic/pgf/utilities\pgfutil
-common.tex
\pgfutil@everybye=\toks19
\pgfutil@tempdima=\dimen164
\pgfutil@tempdimb=\dimen165
)
(C:\Users\lucas\AppData\Local\Programs\MiKTeX\tex/generic/pgf/utilities\pgfutil
-latex.def
\pgfutil@abb=\box60
)
(C:\Users\lucas\AppData\Local\Programs\MiKTeX\tex/generic/pgf/utilities\pgfrcs.
code.tex
(C:\Users\lucas\AppData\Local\Programs\MiKTeX\tex/generic/pgf\pgf.revision.tex)
Package: pgfrcs 2023-01-15 v3.1.10 (3.1.10)
))
(C:\Users\lucas\AppData\Local\Programs\MiKTeX\tex/latex/pgf/utilities\pgfkeys.s
ty
(C:\Users\lucas\AppData\Local\Programs\MiKTeX\tex/generic/pgf/utilities\pgfkeys
.code.tex
\pgfkeys@pathtoks=\toks20
\pgfkeys@temptoks=\toks21

(C:\Users\lucas\AppData\Local\Programs\MiKTeX\tex/generic/pgf/utilities\pgfkeys
libraryfiltered.code.tex
\pgfkeys@tmptoks=\toks22
)))
(C:\Users\lucas\AppData\Local\Programs\MiKTeX\tex/generic/pgf/math\pgfmath.code
.tex
(C:\Users\lucas\AppData\Local\Programs\MiKTeX\tex/generic/pgf/math\pgfmathutil.
code.tex
\pgf@x=\dimen166
\pgf@xa=\dimen167
\pgf@xb=\dimen168
\pgf@xc=\dimen169
\pgf@y=\dimen170
\pgf@ya=\dimen171
\pgf@yb=\dimen172
\pgf@yc=\dimen173
\c@pgf@counta=\count282
\c@pgf@countb=\count283
\c@pgf@countc=\count284
\c@pgf@countd=\count285
)
(C:\Users\lucas\AppData\Local\Programs\MiKTeX\tex/generic/pgf/math\pgfmathparse
r.code.tex
\pgfmath@dimen=\dimen174
\pgfmath@count=\count286
\pgfmath@box=\box61
\pgfmath@toks=\toks23
\pgfmath@stack@operand=\toks24
\pgfmath@stack@operation=\toks25
)
(C:\Users\lucas\AppData\Local\Programs\MiKTeX\tex/generic/pgf/math\pgfmathfunct
ions.code.tex)
(C:\Users\lucas\AppData\Local\Programs\MiKTeX\tex/generic/pgf/math\pgfmathfunct
ions.basic.code.tex)
(C:\Users\lucas\AppData\Local\Programs\MiKTeX\tex/generic/pgf/math\pgfmathfunct
ions.trigonometric.code.tex)
(C:\Users\lucas\AppData\Local\Programs\MiKTeX\tex/generic/pgf/math\pgfmathfunct
ions.random.code.tex)
(C:\Users\lucas\AppData\Local\Programs\MiKTeX\tex/generic/pgf/math\pgfmathfunct
ions.comparison.code.tex)
(C:\Users\lucas\AppData\Local\Programs\MiKTeX\tex/generic/pgf/math\pgfmathfunct
ions.base.code.tex)
(C:\Users\lucas\AppData\Local\Programs\MiKTeX\tex/generic/pgf/math\pgfmathfunct
ions.round.code.tex)
(C:\Users\lucas\AppData\Local\Programs\MiKTeX\tex/generic/pgf/math\pgfmathfunct
ions.misc.code.tex)
(C:\Users\lucas\AppData\Local\Programs\MiKTeX\tex/generic/pgf/math\pgfmathfunct
ions.integerarithmetics.code.tex)
(C:\Users\lucas\AppData\Local\Programs\MiKTeX\tex/generic/pgf/math\pgfmathcalc.
code.tex)
(C:\Users\lucas\AppData\Local\Programs\MiKTeX\tex/generic/pgf/math\pgfmathfloat
.code.tex
\c@pgfmathroundto@lastzeros=\count287
)))
(C:\Users\lucas\AppData\Local\Programs\MiKTeX\tex/latex/base\size11.clo
File: size11.clo 2023/05/17 v1.4n Standard LaTeX file (size option)
)
(C:\Users\lucas\AppData\Local\Programs\MiKTeX\tex/latex/pgf/basiclayer\pgfcore.
sty
(C:\Users\lucas\AppData\Local\Programs\MiKTeX\tex/latex/graphics\graphicx.sty
Package: graphicx 2021/09/16 v1.2d Enhanced LaTeX Graphics (DPC,SPQR)

(C:\Users\lucas\AppData\Local\Programs\MiKTeX\tex/latex/graphics\graphics.sty
Package: graphics 2022/03/10 v1.4e Standard LaTeX Graphics (DPC,SPQR)

(C:\Users\lucas\AppData\Local\Programs\MiKTeX\tex/latex/graphics\trig.sty
Package: trig 2021/08/11 v1.11 sin cos tan (DPC)
)
(C:\Users\lucas\AppData\Local\Programs\MiKTeX\tex/latex/graphics-cfg\graphics.c
fg
File: graphics.cfg 2016/06/04 v1.11 sample graphics configuration
)
Package graphics Info: Driver file: pdftex.def on input line 107.

(C:\Users\lucas\AppData\Local\Programs\MiKTeX\tex/latex/graphics-def\pdftex.def
File: pdftex.def 2022/09/22 v1.2b Graphics/color driver for pdftex
))
\Gin@req@height=\dimen175
\Gin@req@width=\dimen176
)
(C:\Users\lucas\AppData\Local\Programs\MiKTeX\tex/latex/pgf/systemlayer\pgfsys.
sty
(C:\Users\lucas\AppData\Local\Programs\MiKTeX\tex/generic/pgf/systemlayer\pgfsy
s.code.tex
Package: pgfsys 2023-01-15 v3.1.10 (3.1.10)
\pgf@x=\dimen177
\pgf@y=\dimen178
\pgf@xa=\dimen179
\pgf@ya=\dimen180
\pgf@xb=\dimen181
\pgf@yb=\dimen182
\pgf@xc=\dimen183
\pgf@yc=\dimen184
\pgf@xd=\dimen185
\pgf@yd=\dimen186
\w@pgf@writea=\write3
\r@pgf@reada=\read2
\c@pgf@counta=\count288
\c@pgf@countb=\count289
\c@pgf@countc=\count290
\c@pgf@countd=\count291
\t@pgf@toka=\toks26
\t@pgf@tokb=\toks27
\t@pgf@tokc=\toks28
\pgf@sys@id@count=\count292

(C:\Users\lucas\AppData\Local\Programs\MiKTeX\tex/generic/pgf/systemlayer\pgf.c
fg
File: pgf.cfg 2023-01-15 v3.1.10 (3.1.10)
)
Driver file for pgf: pgfsys-pdftex.def

(C:\Users\lucas\AppData\Local\Programs\MiKTeX\tex/generic/pgf/systemlayer\pgfsy
s-pdftex.def
File: pgfsys-pdftex.def 2023-01-15 v3.1.10 (3.1.10)

(C:\Users\lucas\AppData\Local\Programs\MiKTeX\tex/generic/pgf/systemlayer\pgfsy
s-common-pdf.def
File: pgfsys-common-pdf.def 2023-01-15 v3.1.10 (3.1.10)
)))
(C:\Users\lucas\AppData\Local\Programs\MiKTeX\tex/generic/pgf/systemlayer\pgfsy
ssoftpath.code.tex
File: pgfsyssoftpath.code.tex 2023-01-15 v3.1.10 (3.1.10)
\pgfsyssoftpath@smallbuffer@items=\count293
\pgfsyssoftpath@bigbuffer@items=\count294
)
(C:\Users\lucas\AppData\Local\Programs\MiKTeX\tex/generic/pgf/systemlayer\pgfsy
sprotocol.code.tex
File: pgfsysprotocol.code.tex 2023-01-15 v3.1.10 (3.1.10)
))
(C:\Users\lucas\AppData\Local\Programs\MiKTeX\tex/latex/xcolor\xcolor.sty
Package: xcolor 2023/11/15 v3.01 LaTeX color extensions (UK)

(C:\Users\lucas\AppData\Local\Programs\MiKTeX\tex/latex/graphics-cfg\color.cfg
File: color.cfg 2016/01/02 v1.6 sample color configuration
)
Package xcolor Info: Driver file: pdftex.def on input line 274.
(C:\Users\lucas\AppData\Local\Programs\MiKTeX\tex/latex/graphics\mathcolor.ltx)
Package xcolor Info: Model `cmy' substituted by `cmy0' on input line 1350.
Package xcolor Info: Model `hsb' substituted by `rgb' on input line 1354.
Package xcolor Info: Model `RGB' extended on input line 1366.
Package xcolor Info: Model `HTML' substituted by `rgb' on input line 1368.
Package xcolor Info: Model `Hsb' substituted by `hsb' on input line 1369.
Package xcolor Info: Model `tHsb' substituted by `hsb' on input line 1370.
Package xcolor Info: Model `HSB' substituted by `hsb' on input line 1371.
Package xcolor Info: Model `Gray' substituted by `gray' on input line 1372.
Package xcolor Info: Model `wave' substituted by `hsb' on input line 1373.
)
(C:\Users\lucas\AppData\Local\Programs\MiKTeX\tex/generic/pgf/basiclayer\pgfcor
e.code.tex
Package: pgfcore 2023-01-15 v3.1.10 (3.1.10)

(C:\Users\lucas\AppData\Local\Programs\MiKTeX\tex/generic/pgf/math\pgfint.code.
tex)
(C:\Users\lucas\AppData\Local\Programs\MiKTeX\tex/generic/pgf/basiclayer\pgfcor
epoints.code.tex
File: pgfcorepoints.code.tex 2023-01-15 v3.1.10 (3.1.10)
\pgf@picminx=\dimen187
\pgf@picmaxx=\dimen188
\pgf@picminy=\dimen189
\pgf@picmaxy=\dimen190
\pgf@pathminx=\dimen191
\pgf@pathmaxx=\dimen192
\pgf@pathminy=\dimen193
\pgf@pathmaxy=\dimen194
\pgf@xx=\dimen195
\pgf@xy=\dimen196
\pgf@yx=\dimen197
\pgf@yy=\dimen198
\pgf@zx=\dimen199
\pgf@zy=\dimen256
)
(C:\Users\lucas\AppData\Local\Programs\MiKTeX\tex/generic/pgf/basiclayer\pgfcor
epathconstruct.code.tex
File: pgfcorepathconstruct.code.tex 2023-01-15 v3.1.10 (3.1.10)
\pgf@path@lastx=\dimen257
\pgf@path@lasty=\dimen258
)
(C:\Users\lucas\AppData\Local\Programs\MiKTeX\tex/generic/pgf/basiclayer\pgfcor
epathusage.code.tex
File: pgfcorepathusage.code.tex 2023-01-15 v3.1.10 (3.1.10)
\pgf@shorten@end@additional=\dimen259
\pgf@shorten@start@additional=\dimen260
)
(C:\Users\lucas\AppData\Local\Programs\MiKTeX\tex/generic/pgf/basiclayer\pgfcor
escopes.code.tex
File: pgfcorescopes.code.tex 2023-01-15 v3.1.10 (3.1.10)
\pgfpic=\box62
\pgf@hbox=\box63
\pgf@layerbox@main=\box64
\pgf@picture@serial@count=\count295
)
(C:\Users\lucas\AppData\Local\Programs\MiKTeX\tex/generic/pgf/basiclayer\pgfcor
egraphicstate.code.tex
File: pgfcoregraphicstate.code.tex 2023-01-15 v3.1.10 (3.1.10)
\pgflinewidth=\dimen261
)
(C:\Users\lucas\AppData\Local\Programs\MiKTeX\tex/generic/pgf/basiclayer\pgfcor
etransformations.code.tex
File: pgfcoretransformations.code.tex 2023-01-15 v3.1.10 (3.1.10)
\pgf@pt@x=\dimen262
\pgf@pt@y=\dimen263
\pgf@pt@temp=\dimen264
)
(C:\Users\lucas\AppData\Local\Programs\MiKTeX\tex/generic/pgf/basiclayer\pgfcor
equick.code.tex
File: pgfcorequick.code.tex 2023-01-15 v3.1.10 (3.1.10)
)
(C:\Users\lucas\AppData\Local\Programs\MiKTeX\tex/generic/pgf/basiclayer\pgfcor
eobjects.code.tex
File: pgfcoreobjects.code.tex 2023-01-15 v3.1.10 (3.1.10)
)
(C:\Users\lucas\AppData\Local\Programs\MiKTeX\tex/generic/pgf/basiclayer\pgfcor
epathprocessing.code.tex
File: pgfcorepathprocessing.code.tex 2023-01-15 v3.1.10 (3.1.10)
)
(C:\Users\lucas\AppData\Local\Programs\MiKTeX\tex/generic/pgf/basiclayer\pgfcor
earrows.code.tex
File: pgfcorearrows.code.tex 2023-01-15 v3.1.10 (3.1.10)
\pgfarrowsep=\dimen265
)
(C:\Users\lucas\AppData\Local\Programs\MiKTeX\tex/generic/pgf/basiclayer\pgfcor
eshade.code.tex
File: pgfcoreshade.code.tex 2023-01-15 v3.1.10 (3.1.10)
\pgf@max=\dimen266
\pgf@sys@shading@range@num=\count296
\pgf@shadingcount=\count297
)
(C:\Users\lucas\AppData\Local\Programs\MiKTeX\tex/generic/pgf/basiclayer\pgfcor
eimage.code.tex
File: pgfcoreimage.code.tex 2023-01-15 v3.1.10 (3.1.10)
)
(C:\Users\lucas\AppData\Local\Programs\MiKTeX\tex/generic/pgf/basiclayer\pgfcor
eexternal.code.tex
File: pgfcoreexternal.code.tex 2023-01-15 v3.1.10 (3.1.10)
\pgfexternal@startupbox=\box65
)
(C:\Users\lucas\AppData\Local\Programs\MiKTeX\tex/generic/pgf/basiclayer\pgfcor
elayers.code.tex
File: pgfcorelayers.code.tex 2023-01-15 v3.1.10 (3.1.10)
)
(C:\Users\lucas\AppData\Local\Programs\MiKTeX\tex/generic/pgf/basiclayer\pgfcor
etransparency.code.tex
File: pgfcoretransparency.code.tex 2023-01-15 v3.1.10 (3.1.10)
)
(C:\Users\lucas\AppData\Local\Programs\MiKTeX\tex/generic/pgf/basiclayer\pgfcor
epatterns.code.tex
File: pgfcorepatterns.code.tex 2023-01-15 v3.1.10 (3.1.10)
)
(C:\Users\lucas\AppData\Local\Programs\MiKTeX\tex/generic/pgf/basiclayer\pgfcor
erdf.code.tex
File: pgfcorerdf.code.tex 2023-01-15 v3.1.10 (3.1.10)
)))
(C:\Users\lucas\AppData\Local\Programs\MiKTeX\tex/latex/pgf/utilities\xxcolor.s
ty
Package: xxcolor 2003/10/24 ver 0.1
\XC@nummixins=\count298
\XC@countmixins=\count299
)
(C:\Users\lucas\AppData\Local\Programs\MiKTeX\tex/latex/base\atbegshi-ltx.sty
Package: atbegshi-ltx 2021/01/10 v1.0c Emulation of the original atbegshi
package with kernel methods
)
(C:\Users\lucas\AppData\Local\Programs\MiKTeX\tex/latex/hyperref\hyperref.sty
Package: hyperref 2023-11-26 v7.01g Hypertext links for LaTeX

(C:\Users\lucas\AppData\Local\Programs\MiKTeX\tex/generic/infwarerr\infwarerr.s
ty
Package: infwarerr 2019/12/03 v1.5 Providing info/warning/error messages (HO)
)
(C:\Users\lucas\AppData\Local\Programs\MiKTeX\tex/latex/kvsetkeys\kvsetkeys.sty
Package: kvsetkeys 2022-10-05 v1.19 Key value parser (HO)
)
(C:\Users\lucas\AppData\Local\Programs\MiKTeX\tex/generic/kvdefinekeys\kvdefine
keys.sty
Package: kvdefinekeys 2019-12-19 v1.6 Define keys (HO)
)
(C:\Users\lucas\AppData\Local\Programs\MiKTeX\tex/generic/pdfescape\pdfescape.s
ty
Package: pdfescape 2019/12/09 v1.15 Implements pdfTeX's escape features (HO)

(C:\Users\lucas\AppData\Local\Programs\MiKTeX\tex/generic/ltxcmds\ltxcmds.sty
Package: ltxcmds 2023-12-04 v1.26 LaTeX kernel commands for general use (HO)
)
(C:\Users\lucas\AppData\Local\Programs\MiKTeX\tex/generic/pdftexcmds\pdftexcmds
.sty
Package: pdftexcmds 2020-06-27 v0.33 Utility functions of pdfTeX for LuaTeX (HO
)
Package pdftexcmds Info: \pdf@primitive is available.
Package pdftexcmds Info: \pdf@ifprimitive is available.
Package pdftexcmds Info: \pdfdraftmode found.
))
(C:\Users\lucas\AppData\Local\Programs\MiKTeX\tex/latex/hycolor\hycolor.sty
Package: hycolor 2020-01-27 v1.10 Color options for hyperref/bookmark (HO)
)
(C:\Users\lucas\AppData\Local\Programs\MiKTeX\tex/latex/letltxmacro\letltxmacro
.sty
Package: letltxmacro 2019/12/03 v1.6 Let assignment for LaTeX macros (HO)
)
(C:\Users\lucas\AppData\Local\Programs\MiKTeX\tex/latex/auxhook\auxhook.sty
Package: auxhook 2019-12-17 v1.6 Hooks for auxiliary files (HO)
)
(C:\Users\lucas\AppData\Local\Programs\MiKTeX\tex/latex/hyperref\nameref.sty
Package: nameref 2023-11-26 v2.56 Cross-referencing by name of section

(C:\Users\lucas\AppData\Local\Programs\MiKTeX\tex/latex/refcount\refcount.sty
Package: refcount 2019/12/15 v3.6 Data extraction from label references (HO)
)
(C:\Users\lucas\AppData\Local\Programs\MiKTeX\tex/generic/gettitlestring\gettit
lestring.sty
Package: gettitlestring 2019/12/15 v1.6 Cleanup title references (HO)

(C:\Users\lucas\AppData\Local\Programs\MiKTeX\tex/latex/kvoptions\kvoptions.sty
Package: kvoptions 2022-06-15 v3.15 Key value format for package options (HO)
))
\c@section@level=\count300
)
\@linkdim=\dimen267
\Hy@linkcounter=\count301
\Hy@pagecounter=\count302
 (C:\Users\lucas\AppData\Local\Programs\MiKTeX\tex/latex/hyperref\pd1enc.def
File: pd1enc.def 2023-11-26 v7.01g Hyperref: PDFDocEncoding definition (HO)
Now handling font encoding PD1 ...
... no UTF-8 mapping file for font encoding PD1
) (C:\Users\lucas\AppData\Local\Programs\MiKTeX\tex/generic/intcalc\intcalc.sty
Package: intcalc 2019/12/15 v1.3 Expandable calculations with integers (HO)
)
\Hy@SavedSpaceFactor=\count303
 (C:\Users\lucas\AppData\Local\Programs\MiKTeX\tex/latex/hyperref\puenc.def
File: puenc.def 2023-11-26 v7.01g Hyperref: PDF Unicode definition (HO)
Now handling font encoding PU ...
... no UTF-8 mapping file for font encoding PU
)
Package hyperref Info: Option `bookmarks' set `true' on input line 4064.
Package hyperref Info: Option `bookmarksopen' set `true' on input line 4064.
Package hyperref Info: Option `implicit' set `false' on input line 4064.
Package hyperref Info: Hyper figures OFF on input line 4181.
Package hyperref Info: Link nesting OFF on input line 4186.
Package hyperref Info: Hyper index ON on input line 4189.
Package hyperref Info: Plain pages OFF on input line 4196.
Package hyperref Info: Backreferencing OFF on input line 4201.
Package hyperref Info: Implicit mode OFF; no redefinition of LaTeX internals.
Package hyperref Info: Bookmarks ON on input line 4448.
\c@Hy@tempcnt=\count304

(C:\Users\lucas\AppData\Local\Programs\MiKTeX\tex/latex/url\url.sty
\Urlmuskip=\muskip16
Package: url 2013/09/16  ver 3.4  Verb mode for urls, etc.
)
LaTeX Info: Redefining \url on input line 4786.
\XeTeXLinkMargin=\dimen268

(C:\Users\lucas\AppData\Local\Programs\MiKTeX\tex/generic/bitset\bitset.sty
Package: bitset 2019/12/09 v1.3 Handle bit-vector datatype (HO)

(C:\Users\lucas\AppData\Local\Programs\MiKTeX\tex/generic/bigintcalc\bigintcalc
.sty
Package: bigintcalc 2019/12/15 v1.5 Expandable calculations on big integers (HO
)
))
\Fld@menulength=\count305
\Field@Width=\dimen269
\Fld@charsize=\dimen270
Package hyperref Info: Hyper figures OFF on input line 6065.
Package hyperref Info: Link nesting OFF on input line 6070.
Package hyperref Info: Hyper index ON on input line 6073.
Package hyperref Info: backreferencing OFF on input line 6080.
Package hyperref Info: Link coloring OFF on input line 6085.
Package hyperref Info: Link coloring with OCG OFF on input line 6090.
Package hyperref Info: PDF/A mode OFF on input line 6095.
\Hy@abspage=\count306


Package hyperref Message: Stopped early.

)
Package hyperref Info: Driver (autodetected): hpdftex.
 (C:\Users\lucas\AppData\Local\Programs\MiKTeX\tex/latex/hyperref\hpdftex.def
File: hpdftex.def 2023-11-26 v7.01g Hyperref driver for pdfTeX

(C:\Users\lucas\AppData\Local\Programs\MiKTeX\tex/latex/base\atveryend-ltx.sty
Package: atveryend-ltx 2020/08/19 v1.0a Emulation of the original atveryend pac
kage
with kernel methods
)
\Fld@listcount=\count307
\c@bookmark@seq@number=\count308

(C:\Users\lucas\AppData\Local\Programs\MiKTeX\tex/latex/rerunfilecheck\rerunfil
echeck.sty
Package: rerunfilecheck 2025-06-21 v1.11 Rerun checks for auxiliary files (HO)

(C:\Users\lucas\AppData\Local\Programs\MiKTeX\tex/generic/uniquecounter\uniquec
ounter.sty
Package: uniquecounter 2019/12/15 v1.4 Provide unlimited unique counter (HO)
)
Package uniquecounter Info: New unique counter `rerunfilecheck' on input line 2
84.
))
(C:\Users\lucas\AppData\Local\Programs\MiKTeX\tex/latex/beamer\beamerbaserequir
es.sty
(C:\Users\lucas\AppData\Local\Programs\MiKTeX\tex/latex/beamer\beamerbasecompat
ibility.sty)
(C:\Users\lucas\AppData\Local\Programs\MiKTeX\tex/latex/beamer\beamerbasefont.s
ty (C:\Users\lucas\AppData\Local\Programs\MiKTeX\tex/latex/amsfonts\amssymb.sty
Package: amssymb 2013/01/14 v3.01 AMS font symbols
(C:\Users\lucas\AppData\Local\Programs\MiKTeX\tex/latex/amsfonts\amsfonts.sty
Package: amsfonts 2013/01/14 v3.01 Basic AMSFonts support
\@emptytoks=\toks29
\symAMSa=\mathgroup4
\symAMSb=\mathgroup5
LaTeX Font Info:    Redeclaring math symbol \hbar on input line 98.
LaTeX Font Info:    Overwriting math alphabet `\mathfrak' in version `bold'
(Font)                  U/euf/m/n --> U/euf/b/n on input line 106.
))
(C:\Users\lucas\AppData\Local\Programs\MiKTeX\tex/latex/sansmathaccent\sansmath
accent.sty
Package: sansmathaccent 2020/01/31

(C:\Users\lucas\AppData\Local\Programs\MiKTeX\tex/latex/koma-script\scrlfile.st
y
Package: scrlfile 2025/09/09 v3.48 KOMA-Script package (file load hooks)

(C:\Users\lucas\AppData\Local\Programs\MiKTeX\tex/latex/koma-script\scrlfile-ho
ok.sty
Package: scrlfile-hook 2025/09/09 v3.48 KOMA-Script package (using LaTeX hooks)


(C:\Users\lucas\AppData\Local\Programs\MiKTeX\tex/latex/koma-script\scrlogo.sty
Package: scrlogo 2025/09/09 v3.48 KOMA-Script package (logo)
)))))
(C:\Users\lucas\AppData\Local\Programs\MiKTeX\tex/latex/beamer\beamerbasetransl
ator.sty
(C:\Users\lucas\AppData\Local\Programs\MiKTeX\tex/latex/translator\translator.s
ty
Package: translator 2021-05-31 v1.12d Easy translation of strings in LaTeX
))
(C:\Users\lucas\AppData\Local\Programs\MiKTeX\tex/latex/beamer\beamerbasemisc.s
ty)
(C:\Users\lucas\AppData\Local\Programs\MiKTeX\tex/latex/beamer\beamerbasetwoscr
eens.sty)
(C:\Users\lucas\AppData\Local\Programs\MiKTeX\tex/latex/beamer\beamerbaseoverla
y.sty
\beamer@argscount=\count309
\beamer@lastskipcover=\skip51
\beamer@trivlistdepth=\count310
)
(C:\Users\lucas\AppData\Local\Programs\MiKTeX\tex/latex/beamer\beamerbasetitle.
sty)
(C:\Users\lucas\AppData\Local\Programs\MiKTeX\tex/latex/beamer\beamerbasesectio
n.sty
\c@lecture=\count311
\c@part=\count312
\c@section=\count313
\c@subsection=\count314
\c@subsubsection=\count315
)
(C:\Users\lucas\AppData\Local\Programs\MiKTeX\tex/latex/beamer\beamerbaseframe.
sty
\beamer@framebox=\box66
\beamer@frametitlebox=\box67
\beamer@zoombox=\box68
\beamer@zoomcount=\count316
\beamer@zoomframecount=\count317
\beamer@frametextheight=\dimen271
\c@subsectionslide=\count318
\beamer@frametopskip=\skip52
\beamer@framebottomskip=\skip53
\beamer@frametopskipautobreak=\skip54
\beamer@framebottomskipautobreak=\skip55
\beamer@envbody=\toks30
\framewidth=\dimen272
\c@framenumber=\count319
)
(C:\Users\lucas\AppData\Local\Programs\MiKTeX\tex/latex/beamer\beamerbaseverbat
im.sty
\beamer@verbatimfileout=\write4
)
(C:\Users\lucas\AppData\Local\Programs\MiKTeX\tex/latex/beamer\beamerbaseframes
ize.sty
\beamer@splitbox=\box69
\beamer@autobreakcount=\count320
\beamer@autobreaklastheight=\dimen273
\beamer@frametitletoks=\toks31
\beamer@framesubtitletoks=\toks32
)
(C:\Users\lucas\AppData\Local\Programs\MiKTeX\tex/latex/beamer\beamerbaseframec
omponents.sty
\beamer@colheight=\skip56
\beamer@footins=\box70
)
(C:\Users\lucas\AppData\Local\Programs\MiKTeX\tex/latex/beamer\beamerbasecolor.
sty)
(C:\Users\lucas\AppData\Local\Programs\MiKTeX\tex/latex/beamer\beamerbasenotes.
sty
\beamer@frameboxcopy=\box71
)
(C:\Users\lucas\AppData\Local\Programs\MiKTeX\tex/latex/beamer\beamerbasetoc.st
y)
(C:\Users\lucas\AppData\Local\Programs\MiKTeX\tex/latex/beamer\beamerbasetempla
tes.sty
\beamer@sbttoks=\toks33

(C:\Users\lucas\AppData\Local\Programs\MiKTeX\tex/latex/beamer\beamerbaseauxtem
plates.sty
(C:\Users\lucas\AppData\Local\Programs\MiKTeX\tex/latex/beamer\beamerbaseboxes.
sty
\bmb@box=\box72
\bmb@colorbox=\box73
\bmb@boxwidth=\dimen274
\bmb@boxheight=\dimen275
\bmb@prevheight=\dimen276
\bmb@temp=\dimen277
\bmb@dima=\dimen278
\bmb@dimb=\dimen279
\bmb@prevheight=\dimen280
)
\beamer@blockheadheight=\dimen281
))
(C:\Users\lucas\AppData\Local\Programs\MiKTeX\tex/latex/beamer\beamerbaselocals
tructure.sty
(C:\Users\lucas\AppData\Local\Programs\MiKTeX\tex/latex/tools\enumerate.sty
Package: enumerate 2023/07/04 v3.00 enumerate extensions (DPC)
\@enLab=\toks34
)
\beamer@bibiconwidth=\skip57
\c@figure=\count321
\c@table=\count322
\abovecaptionskip=\skip58
\belowcaptionskip=\skip59
)
(C:\Users\lucas\AppData\Local\Programs\MiKTeX\tex/latex/beamer\beamerbasenaviga
tion.sty
(C:\Users\lucas\AppData\Local\Programs\MiKTeX\tex/latex/beamer\beamerbasenaviga
tionsymbols.tex)
\beamer@section@min@dim=\dimen282
)
(C:\Users\lucas\AppData\Local\Programs\MiKTeX\tex/latex/beamer\beamerbasetheore
ms.sty
(C:\Users\lucas\AppData\Local\Programs\MiKTeX\tex/latex/amsmath\amsmath.sty
Package: amsmath 2023/05/13 v2.17o AMS math features
\@mathmargin=\skip60

For additional information on amsmath, use the `?' option.
(C:\Users\lucas\AppData\Local\Programs\MiKTeX\tex/latex/amsmath\amstext.sty
Package: amstext 2021/08/26 v2.01 AMS text

(C:\Users\lucas\AppData\Local\Programs\MiKTeX\tex/latex/amsmath\amsgen.sty
File: amsgen.sty 1999/11/30 v2.0 generic functions
\@emptytoks=\toks35
\ex@=\dimen283
))
(C:\Users\lucas\AppData\Local\Programs\MiKTeX\tex/latex/amsmath\amsbsy.sty
Package: amsbsy 1999/11/29 v1.2d Bold Symbols
\pmbraise@=\dimen284
)
(C:\Users\lucas\AppData\Local\Programs\MiKTeX\tex/latex/amsmath\amsopn.sty
Package: amsopn 2022/04/08 v2.04 operator names
)
\inf@bad=\count323
LaTeX Info: Redefining \frac on input line 234.
\uproot@=\count324
\leftroot@=\count325
LaTeX Info: Redefining \overline on input line 399.
LaTeX Info: Redefining \colon on input line 410.
\classnum@=\count326
\DOTSCASE@=\count327
LaTeX Info: Redefining \ldots on input line 496.
LaTeX Info: Redefining \dots on input line 499.
LaTeX Info: Redefining \cdots on input line 620.
\Mathstrutbox@=\box74
\strutbox@=\box75
LaTeX Info: Redefining \big on input line 722.
LaTeX Info: Redefining \Big on input line 723.
LaTeX Info: Redefining \bigg on input line 724.
LaTeX Info: Redefining \Bigg on input line 725.
\big@size=\dimen285
LaTeX Font Info:    Redeclaring font encoding OML on input line 743.
LaTeX Font Info:    Redeclaring font encoding OMS on input line 744.
\macc@depth=\count328
LaTeX Info: Redefining \bmod on input line 905.
LaTeX Info: Redefining \pmod on input line 910.
LaTeX Info: Redefining \smash on input line 940.
LaTeX Info: Redefining \relbar on input line 970.
LaTeX Info: Redefining \Relbar on input line 971.
\c@MaxMatrixCols=\count329
\dotsspace@=\muskip17
\c@parentequation=\count330
\dspbrk@lvl=\count331
\tag@help=\toks36
\row@=\count332
\column@=\count333
\maxfields@=\count334
\andhelp@=\toks37
\eqnshift@=\dimen286
\alignsep@=\dimen287
\tagshift@=\dimen288
\tagwidth@=\dimen289
\totwidth@=\dimen290
\lineht@=\dimen291
\@envbody=\toks38
\multlinegap=\skip61
\multlinetaggap=\skip62
\mathdisplay@stack=\toks39
LaTeX Info: Redefining \[ on input line 2953.
LaTeX Info: Redefining \] on input line 2954.
)
(C:\Users\lucas\AppData\Local\Programs\MiKTeX\tex/latex/amscls\amsthm.sty
Package: amsthm 2020/05/29 v2.20.6
\thm@style=\toks40
\thm@bodyfont=\toks41
\thm@headfont=\toks42
\thm@notefont=\toks43
\thm@headpunct=\toks44
\thm@preskip=\skip63
\thm@postskip=\skip64
\thm@headsep=\skip65
\dth@everypar=\toks45
)
\c@theorem=\count335
)
(C:\Users\lucas\AppData\Local\Programs\MiKTeX\tex/latex/beamer\beamerbasethemes
.sty))
(C:\Users\lucas\AppData\Local\Programs\MiKTeX\tex/latex/beamer\beamerthemedefau
lt.sty
(C:\Users\lucas\AppData\Local\Programs\MiKTeX\tex/latex/beamer\beamerfontthemed
efault.sty)
(C:\Users\lucas\AppData\Local\Programs\MiKTeX\tex/latex/beamer\beamercolortheme
default.sty)
(C:\Users\lucas\AppData\Local\Programs\MiKTeX\tex/latex/beamer\beamerinnertheme
default.sty
\beamer@dima=\dimen292
\beamer@dimb=\dimen293
)
(C:\Users\lucas\AppData\Local\Programs\MiKTeX\tex/latex/beamer\beameroutertheme
default.sty)))
(C:\Users\lucas\AppData\Local\Programs\MiKTeX\tex/latex/base\inputenc.sty
Package: inputenc 2021/02/14 v1.3d Input encoding file
\inpenc@prehook=\toks46
\inpenc@posthook=\toks47
)
(C:\Users\lucas\AppData\Local\Programs\MiKTeX\tex/latex/base\fontenc.sty
Package: fontenc 2021/04/29 v2.0v Standard LaTeX package
)
(C:\Users\lucas\AppData\Local\Programs\MiKTeX\tex/latex/lm\lmodern.sty
Package: lmodern 2015/05/01 v1.6.1 Latin Modern Fonts
LaTeX Font Info:    Overwriting symbol font `operators' in version `normal'
(Font)                  OT1/cmr/m/n --> OT1/lmr/m/n on input line 22.
LaTeX Font Info:    Overwriting symbol font `letters' in version `normal'
(Font)                  OML/cmm/m/it --> OML/lmm/m/it on input line 23.
LaTeX Font Info:    Overwriting symbol font `symbols' in version `normal'
(Font)                  OMS/cmsy/m/n --> OMS/lmsy/m/n on input line 24.
LaTeX Font Info:    Overwriting symbol font `largesymbols' in version `normal'
(Font)                  OMX/cmex/m/n --> OMX/lmex/m/n on input line 25.
LaTeX Font Info:    Overwriting symbol font `operators' in version `bold'
(Font)                  OT1/cmr/bx/n --> OT1/lmr/bx/n on input line 26.
LaTeX Font Info:    Overwriting symbol font `letters' in version `bold'
(Font)                  OML/cmm/b/it --> OML/lmm/b/it on input line 27.
LaTeX Font Info:    Overwriting symbol font `symbols' in version `bold'
(Font)                  OMS/cmsy/b/n --> OMS/lmsy/b/n on input line 28.
LaTeX Font Info:    Overwriting symbol font `largesymbols' in version `bold'
(Font)                  OMX/cmex/m/n --> OMX/lmex/m/n on input line 29.
LaTeX Font Info:    Overwriting math alphabet `\mathbf' in version `normal'
(Font)                  OT1/cmr/bx/n --> OT1/lmr/bx/n on input line 31.
LaTeX Font Info:    Overwriting math alphabet `\mathsf' in version `normal'
(Font)                  OT1/cmss/m/n --> OT1/lmss/m/n on input line 32.
LaTeX Font Info:    Overwriting math alphabet `\mathit' in version `normal'
(Font)                  OT1/cmr/m/it --> OT1/lmr/m/it on input line 33.
LaTeX Font Info:    Overwriting math alphabet `\mathtt' in version `normal'
(Font)                  OT1/cmtt/m/n --> OT1/lmtt/m/n on input line 34.
LaTeX Font Info:    Overwriting math alphabet `\mathbf' in version `bold'
(Font)                  OT1/cmr/bx/n --> OT1/lmr/bx/n on input line 35.
LaTeX Font Info:    Overwriting math alphabet `\mathsf' in version `bold'
(Font)                  OT1/cmss/bx/n --> OT1/lmss/bx/n on input line 36.
LaTeX Font Info:    Overwriting math alphabet `\mathit' in version `bold'
(Font)                  OT1/cmr/bx/it --> OT1/lmr/bx/it on input line 37.
LaTeX Font Info:    Overwriting math alphabet `\mathtt' in version `bold'
(Font)                  OT1/cmtt/m/n --> OT1/lmtt/m/n on input line 38.
)
(C:\Users\lucas\AppData\Local\Programs\MiKTeX\tex/latex/booktabs\booktabs.sty
Package: booktabs 2020/01/12 v1.61803398 Publication quality tables
\heavyrulewidth=\dimen294
\lightrulewidth=\dimen295
\cmidrulewidth=\dimen296
\belowrulesep=\dimen297
\belowbottomsep=\dimen298
\aboverulesep=\dimen299
\abovetopsep=\dimen300
\cmidrulesep=\dimen301
\cmidrulekern=\dimen302
\defaultaddspace=\dimen303
\@cmidla=\count336
\@cmidlb=\count337
\@aboverulesep=\dimen304
\@belowrulesep=\dimen305
\@thisruleclass=\count338
\@lastruleclass=\count339
\@thisrulewidth=\dimen306
)
(C:\Users\lucas\AppData\Local\Programs\MiKTeX\tex/latex/pgf/frontendlayer\tikz.
sty
(C:\Users\lucas\AppData\Local\Programs\MiKTeX\tex/latex/pgf/basiclayer\pgf.sty
Package: pgf 2023-01-15 v3.1.10 (3.1.10)

(C:\Users\lucas\AppData\Local\Programs\MiKTeX\tex/generic/pgf/modules\pgfmodule
shapes.code.tex
File: pgfmoduleshapes.code.tex 2023-01-15 v3.1.10 (3.1.10)
\pgfnodeparttextbox=\box76
)
(C:\Users\lucas\AppData\Local\Programs\MiKTeX\tex/generic/pgf/modules\pgfmodule
plot.code.tex
File: pgfmoduleplot.code.tex 2023-01-15 v3.1.10 (3.1.10)
)
(C:\Users\lucas\AppData\Local\Programs\MiKTeX\tex/latex/pgf/compatibility\pgfco
mp-version-0-65.sty
Package: pgfcomp-version-0-65 2023-01-15 v3.1.10 (3.1.10)
\pgf@nodesepstart=\dimen307
\pgf@nodesepend=\dimen308
)
(C:\Users\lucas\AppData\Local\Programs\MiKTeX\tex/latex/pgf/compatibility\pgfco
mp-version-1-18.sty
Package: pgfcomp-version-1-18 2023-01-15 v3.1.10 (3.1.10)
))
(C:\Users\lucas\AppData\Local\Programs\MiKTeX\tex/latex/pgf/utilities\pgffor.st
y
(C:\Users\lucas\AppData\Local\Programs\MiKTeX\tex/generic/pgf/utilities\pgffor.
code.tex
Package: pgffor 2023-01-15 v3.1.10 (3.1.10)
\pgffor@iter=\dimen309
\pgffor@skip=\dimen310
\pgffor@stack=\toks48
\pgffor@toks=\toks49
))
(C:\Users\lucas\AppData\Local\Programs\MiKTeX\tex/generic/pgf/frontendlayer/tik
z\tikz.code.tex
Package: tikz 2023-01-15 v3.1.10 (3.1.10)

(C:\Users\lucas\AppData\Local\Programs\MiKTeX\tex/generic/pgf/libraries\pgflibr
aryplothandlers.code.tex
File: pgflibraryplothandlers.code.tex 2023-01-15 v3.1.10 (3.1.10)
\pgf@plot@mark@count=\count340
\pgfplotmarksize=\dimen311
)
\tikz@lastx=\dimen312
\tikz@lasty=\dimen313
\tikz@lastxsaved=\dimen314
\tikz@lastysaved=\dimen315
\tikz@lastmovetox=\dimen316
\tikz@lastmovetoy=\dimen317
\tikzleveldistance=\dimen318
\tikzsiblingdistance=\dimen319
\tikz@figbox=\box77
\tikz@figbox@bg=\box78
\tikz@tempbox=\box79
\tikz@tempbox@bg=\box80
\tikztreelevel=\count341
\tikznumberofchildren=\count342
\tikznumberofcurrentchild=\count343
\tikz@fig@count=\count344

(C:\Users\lucas\AppData\Local\Programs\MiKTeX\tex/generic/pgf/modules\pgfmodule
matrix.code.tex
File: pgfmodulematrix.code.tex 2023-01-15 v3.1.10 (3.1.10)
\pgfmatrixcurrentrow=\count345
\pgfmatrixcurrentcolumn=\count346
\pgf@matrix@numberofcolumns=\count347
)
\tikz@expandcount=\count348

(C:\Users\lucas\AppData\Local\Programs\MiKTeX\tex/generic/pgf/frontendlayer/tik
z/libraries\tikzlibrarytopaths.code.tex
File: tikzlibrarytopaths.code.tex 2023-01-15 v3.1.10 (3.1.10)
)))
(C:\Users\lucas\AppData\Local\Programs\MiKTeX\tex/latex/beamer\beamerthemeMadri
d.sty
(C:\Users\lucas\AppData\Local\Programs\MiKTeX\tex/latex/beamer\beamercolortheme
whale.sty)
(C:\Users\lucas\AppData\Local\Programs\MiKTeX\tex/latex/beamer\beamercolortheme
orchid.sty)
(C:\Users\lucas\AppData\Local\Programs\MiKTeX\tex/latex/beamer\beamerinnertheme
rounded.sty)
(C:\Users\lucas\AppData\Local\Programs\MiKTeX\tex/latex/beamer\beameroutertheme
infolines.sty))
LaTeX Font Info:    Trying to load font information for T1+lmss on input line 1
9.

(C:\Users\lucas\AppData\Local\Programs\MiKTeX\tex/latex/lm\t1lmss.fd
File: t1lmss.fd 2015/05/01 v1.6.1 Font defs for Latin Modern
)
(C:\Users\lucas\AppData\Local\Programs\MiKTeX\tex/latex/l3backend\l3backend-pdf
tex.def
File: l3backend-pdftex.def 2024-01-04 L3 backend support: PDF output (pdfTeX)
\l__color_backend_stack_int=\count349
\l__pdf_internal_box=\box81
)
No file presentacion_armax_final.aux.
\openout1 = `presentacion_armax_final.aux'.

LaTeX Font Info:    Checking defaults for OML/cmm/m/it on input line 19.
LaTeX Font Info:    ... okay on input line 19.
LaTeX Font Info:    Checking defaults for OMS/cmsy/m/n on input line 19.
LaTeX Font Info:    ... okay on input line 19.
LaTeX Font Info:    Checking defaults for OT1/cmr/m/n on input line 19.
LaTeX Font Info:    ... okay on input line 19.
LaTeX Font Info:    Checking defaults for T1/cmr/m/n on input line 19.
LaTeX Font Info:    ... okay on input line 19.
LaTeX Font Info:    Checking defaults for TS1/cmr/m/n on input line 19.
LaTeX Font Info:    ... okay on input line 19.
LaTeX Font Info:    Checking defaults for OMX/cmex/m/n on input line 19.
LaTeX Font Info:    ... okay on input line 19.
LaTeX Font Info:    Checking defaults for U/cmr/m/n on input line 19.
LaTeX Font Info:    ... okay on input line 19.
LaTeX Font Info:    Checking defaults for PD1/pdf/m/n on input line 19.
LaTeX Font Info:    ... okay on input line 19.
LaTeX Font Info:    Checking defaults for PU/pdf/m/n on input line 19.
LaTeX Font Info:    ... okay on input line 19.
*geometry* driver: auto-detecting
*geometry* detected driver: pdftex
*geometry* verbose mode - [ preamble ] result:
* driver: pdftex
* paper: custom
* layout: <same size as paper>
* layoutoffset:(h,v)=(0.0pt,0.0pt)
* modes: includehead includefoot 
* h-part:(L,W,R)=(10.88002pt, 342.43532pt, 10.88002pt)
* v-part:(T,H,B)=(0.0pt, 273.14662pt, 0.0pt)
* \paperwidth=364.19536pt
* \paperheight=273.14662pt
* \textwidth=342.43532pt
* \textheight=244.6939pt
* \oddsidemargin=-61.38997pt
* \evensidemargin=-61.38997pt
* \topmargin=-72.26999pt
* \headheight=14.22636pt
* \headsep=0.0pt
* \topskip=11.0pt
* \footskip=14.22636pt
* \marginparwidth=4.0pt
* \marginparsep=10.0pt
* \columnsep=10.0pt
* \skip\footins=10.0pt plus 4.0pt minus 2.0pt
* \hoffset=0.0pt
* \voffset=0.0pt
* \mag=1000
* \@twocolumnfalse
* \@twosidefalse
* \@mparswitchfalse
* \@reversemarginfalse
* (1in=72.27pt=25.4mm, 1cm=28.453pt)


(C:\Users\lucas\AppData\Local\Programs\MiKTeX\tex/context/base/mkii\supp-pdf.mk
ii
[Loading MPS to PDF converter (version 2006.09.02).]
\scratchcounter=\count350
\scratchdimen=\dimen320
\scratchbox=\box82
\nofMPsegments=\count351
\nofMParguments=\count352
\everyMPshowfont=\toks50
\MPscratchCnt=\count353
\MPscratchDim=\dimen321
\MPnumerator=\count354
\makeMPintoPDFobject=\count355
\everyMPtoPDFconversion=\toks51
)
(C:\Users\lucas\AppData\Local\Programs\MiKTeX\tex/latex/epstopdf-pkg\epstopdf-b
ase.sty
Package: epstopdf-base 2020-01-24 v2.11 Base part for package epstopdf
Package epstopdf-base Info: Redefining graphics rule for `.eps' on input line 4
85.

(C:\Users\lucas\AppData\Local\Programs\MiKTeX\tex/latex/00miktex\epstopdf-sys.c
fg
File: epstopdf-sys.cfg 2021/03/18 v2.0 Configuration of epstopdf for MiKTeX
))
Package hyperref Info: Link coloring OFF on input line 19.
\@outlinefile=\write5
\openout5 = `presentacion_armax_final.out'.

LaTeX Font Info:    Overwriting symbol font `operators' in version `normal'
(Font)                  OT1/lmr/m/n --> OT1/cmss/m/n on input line 19.
LaTeX Font Info:    Overwriting symbol font `operators' in version `bold'
(Font)                  OT1/lmr/bx/n --> OT1/cmss/b/n on input line 19.
LaTeX Font Info:    Overwriting symbol font `operators' in version `normal'
(Font)                  OT1/cmss/m/n --> OT1/lmss/m/n on input line 19.
LaTeX Font Info:    Overwriting symbol font `operators' in version `bold'
(Font)                  OT1/cmss/b/n --> OT1/lmss/b/n on input line 19.
\symnumbers=\mathgroup6
\sympureletters=\mathgroup7
LaTeX Font Info:    Overwriting math alphabet `\mathrm' in version `normal'
(Font)                  OT1/lmss/m/n --> T1/lmr/m/n on input line 19.
LaTeX Font Info:    Redeclaring math alphabet \mathbf on input line 19.
LaTeX Font Info:    Overwriting math alphabet `\mathbf' in version `normal'
(Font)                  OT1/lmr/bx/n --> T1/lmss/b/n on input line 19.
LaTeX Font Info:    Overwriting math alphabet `\mathbf' in version `bold'
(Font)                  OT1/lmr/bx/n --> T1/lmss/b/n on input line 19.
LaTeX Font Info:    Redeclaring math alphabet \mathsf on input line 19.
LaTeX Font Info:    Overwriting math alphabet `\mathsf' in version `normal'
(Font)                  OT1/lmss/m/n --> T1/lmss/m/n on input line 19.
LaTeX Font Info:    Overwriting math alphabet `\mathsf' in version `bold'
(Font)                  OT1/lmss/bx/n --> T1/lmss/m/n on input line 19.
LaTeX Font Info:    Redeclaring math alphabet \mathit on input line 19.
LaTeX Font Info:    Overwriting math alphabet `\mathit' in version `normal'
(Font)                  OT1/lmr/m/it --> T1/lmss/m/it on input line 19.
LaTeX Font Info:    Overwriting math alphabet `\mathit' in version `bold'
(Font)                  OT1/lmr/bx/it --> T1/lmss/m/it on input line 19.
LaTeX Font Info:    Redeclaring math alphabet \mathtt on input line 19.
LaTeX Font Info:    Overwriting math alphabet `\mathtt' in version `normal'
(Font)                  OT1/lmtt/m/n --> T1/lmtt/m/n on input line 19.
LaTeX Font Info:    Overwriting math alphabet `\mathtt' in version `bold'
(Font)                  OT1/lmtt/m/n --> T1/lmtt/m/n on input line 19.
LaTeX Font Info:    Overwriting symbol font `numbers' in version `bold'
(Font)                  T1/lmss/m/n --> T1/lmss/b/n on input line 19.
LaTeX Font Info:    Overwriting symbol font `pureletters' in version `bold'
(Font)                  T1/lmss/m/it --> T1/lmss/b/it on input line 19.
LaTeX Font Info:    Overwriting math alphabet `\mathrm' in version `bold'
(Font)                  OT1/lmss/b/n --> T1/lmr/b/n on input line 19.
LaTeX Font Info:    Overwriting math alphabet `\mathbf' in version `bold'
(Font)                  T1/lmss/b/n --> T1/lmss/b/n on input line 19.
LaTeX Font Info:    Overwriting math alphabet `\mathsf' in version `bold'
(Font)                  T1/lmss/m/n --> T1/lmss/b/n on input line 19.
LaTeX Font Info:    Overwriting math alphabet `\mathit' in version `bold'
(Font)                  T1/lmss/m/it --> T1/lmss/b/it on input line 19.
LaTeX Font Info:    Overwriting math alphabet `\mathtt' in version `bold'
(Font)                  T1/lmtt/m/n --> T1/lmtt/b/n on input line 19.

(C:\Users\lucas\AppData\Local\Programs\MiKTeX\tex/latex/translator\translator-b
asic-dictionary-English.dict
Dictionary: translator-basic-dictionary, Language: English 
)
(C:\Users\lucas\AppData\Local\Programs\MiKTeX\tex/latex/translator\translator-b
ibliography-dictionary-English.dict
Dictionary: translator-bibliography-dictionary, Language: English 
)
(C:\Users\lucas\AppData\Local\Programs\MiKTeX\tex/latex/translator\translator-e
nvironment-dictionary-English.dict
Dictionary: translator-environment-dictionary, Language: English 
)
(C:\Users\lucas\AppData\Local\Programs\MiKTeX\tex/latex/translator\translator-m
onths-dictionary-English.dict
Dictionary: translator-months-dictionary, Language: English 
)
(C:\Users\lucas\AppData\Local\Programs\MiKTeX\tex/latex/translator\translator-n
umbers-dictionary-English.dict
Dictionary: translator-numbers-dictionary, Language: English 
)
(C:\Users\lucas\AppData\Local\Programs\MiKTeX\tex/latex/translator\translator-t
heorem-dictionary-English.dict
Dictionary: translator-theorem-dictionary, Language: English 
)
No file presentacion_armax_final.nav.

Overfull \hbox (75.05055pt too wide) in paragraph at lines 19--19
 [][]  \T1/lmss/m/n/6 ([])  
 []


Overfull \hbox (39.00871pt too wide) in paragraph at lines 19--19
 [][][][]  
 []


Overfull \hbox (75.05055pt too wide) in paragraph at lines 23--23
 [][]  \T1/lmss/m/n/6 ([])  
 []


Overfull \hbox (39.00871pt too wide) in paragraph at lines 23--23
 [][][][]  
 []


Overfull \hbox (75.05055pt too wide) has occurred while \output is active
 [][]  \T1/lmss/m/n/6 ([])  
 []


Overfull \hbox (39.00871pt too wide) has occurred while \output is active
 [][][][]  
 []

[1

{C:/Users/lucas/AppData/Local/MiKTeX/fonts/map/pdftex/pdftex.map}{C:/Users/luca
s/AppData/Local/Programs/MiKTeX/fonts/enc/dvips/lm/lm-ec.enc}]
Overfull \hbox (75.05055pt too wide) in paragraph at lines 44--44
 [][]  \T1/lmss/m/n/6 ([])  
 []


Overfull \hbox (39.00871pt too wide) in paragraph at lines 44--44
 [][][][]  
 []

LaTeX Font Info:    Trying to load font information for OT1+lmss on input line 
44.
(C:\Users\lucas\AppData\Local\Programs\MiKTeX\tex/latex/lm\ot1lmss.fd
File: ot1lmss.fd 2015/05/01 v1.6.1 Font defs for Latin Modern
)
LaTeX Font Info:    Trying to load font information for OML+lmm on input line 4
4.

(C:\Users\lucas\AppData\Local\Programs\MiKTeX\tex/latex/lm\omllmm.fd
File: omllmm.fd 2015/05/01 v1.6.1 Font defs for Latin Modern
)
LaTeX Font Info:    Trying to load font information for OMS+lmsy on input line 
44.

(C:\Users\lucas\AppData\Local\Programs\MiKTeX\tex/latex/lm\omslmsy.fd
File: omslmsy.fd 2015/05/01 v1.6.1 Font defs for Latin Modern
)
LaTeX Font Info:    Trying to load font information for OMX+lmex on input line 
44.

(C:\Users\lucas\AppData\Local\Programs\MiKTeX\tex/latex/lm\omxlmex.fd
File: omxlmex.fd 2015/05/01 v1.6.1 Font defs for Latin Modern
)
LaTeX Font Info:    External font `lmex10' loaded for size
(Font)              <10.95> on input line 44.
LaTeX Font Info:    External font `lmex10' loaded for size
(Font)              <8> on input line 44.
LaTeX Font Info:    External font `lmex10' loaded for size
(Font)              <6> on input line 44.
LaTeX Font Info:    Trying to load font information for U+msa on input line 44.


(C:\Users\lucas\AppData\Local\Programs\MiKTeX\tex/latex/amsfonts\umsa.fd
File: umsa.fd 2013/01/14 v3.01 AMS symbols A
)
LaTeX Font Info:    Trying to load font information for U+msb on input line 44.


(C:\Users\lucas\AppData\Local\Programs\MiKTeX\tex/latex/amsfonts\umsb.fd
File: umsb.fd 2013/01/14 v3.01 AMS symbols B
)
LaTeX Font Info:    Font shape `T1/lmss/m/it' in size <10.95> not available
(Font)              Font shape `T1/lmss/m/sl' tried instead on input line 44.
LaTeX Font Info:    Font shape `T1/lmss/m/it' in size <8> not available
(Font)              Font shape `T1/lmss/m/sl' tried instead on input line 44.
LaTeX Font Info:    Font shape `T1/lmss/m/it' in size <6> not available
(Font)              Font shape `T1/lmss/m/sl' tried instead on input line 44.

Overfull \hbox (75.05055pt too wide) has occurred while \output is active
 [][]  \T1/lmss/m/n/6 ([])  
 []


Overfull \hbox (39.00871pt too wide) has occurred while \output is active
 [][][][]  
 []

[2

{C:/Users/lucas/AppData/Local/Programs/MiKTeX/fonts/enc/dvips/lm/lm-rm.enc}{C:/
Users/lucas/AppData/Local/Programs/MiKTeX/fonts/enc/dvips/lm/lm-mathsy.enc}{C:/
Users/lucas/AppData/Local/Programs/MiKTeX/fonts/enc/dvips/lm/lm-mathit.enc}{C:/
Users/lucas/AppData/Local/Programs/MiKTeX/fonts/enc/dvips/lm/lm-mathex.enc}]
Overfull \hbox (75.05055pt too wide) in paragraph at lines 66--66
 [][]  \T1/lmss/m/n/6 ([])  
 []


Overfull \hbox (39.00871pt too wide) in paragraph at lines 66--66
 [][][][]  
 []


Overfull \hbox (75.05055pt too wide) has occurred while \output is active
 [][]  \T1/lmss/m/n/6 ([])  
 []


Overfull \hbox (39.00871pt too wide) has occurred while \output is active
 [][][][]  
 []

[3

]
Overfull \hbox (75.05055pt too wide) in paragraph at lines 89--89
 [][]  \T1/lmss/m/n/6 ([])  
 []


Overfull \hbox (39.00871pt too wide) in paragraph at lines 89--89
 [][][][]  
 []

LaTeX Font Info:    Trying to load font information for TS1+lmss on input line 
89.
(C:\Users\lucas\AppData\Local\Programs\MiKTeX\tex/latex/lm\ts1lmss.fd
File: ts1lmss.fd 2015/05/01 v1.6.1 Font defs for Latin Modern
)
Overfull \hbox (75.05055pt too wide) has occurred while \output is active
 [][]  \T1/lmss/m/n/6 ([])  
 []


Overfull \hbox (39.00871pt too wide) has occurred while \output is active
 [][][][]  
 []

[4

{C:/Users/lucas/AppData/Local/Programs/MiKTeX/fonts/enc/dvips/lm/lm-ts1.enc}]
Overfull \hbox (75.05055pt too wide) in paragraph at lines 101--101
 [][]  \T1/lmss/m/n/6 ([])  
 []


Overfull \hbox (39.00871pt too wide) in paragraph at lines 101--101
 [][][][]  
 []

<imagenes_identificacion/parameter_evolution.png, id=245, 859.2903pt x 570.6921
pt>
File: imagenes_identificacion/parameter_evolution.png Graphic file (type png)
<use imagenes_identificacion/parameter_evolution.png>
Package pdftex.def Info: imagenes_identificacion/parameter_evolution.png  used 
on input line 101.
(pdftex.def)             Requested size: 273.9493pt x 181.93726pt.

Overfull \hbox (75.05055pt too wide) has occurred while \output is active
 [][]  \T1/lmss/m/n/6 ([])  
 []


Overfull \hbox (39.00871pt too wide) has occurred while \output is active
 [][][][]  
 []

[5

 <./imagenes_identificacion/parameter_evolution.png>]
Overfull \hbox (75.05055pt too wide) in paragraph at lines 111--111
 [][]  \T1/lmss/m/n/6 ([])  
 []


Overfull \hbox (39.00871pt too wide) in paragraph at lines 111--111
 [][][][]  
 []

<imagenes_identificacion/pole_stability.png, id=278, 714.7503pt x 570.4512pt>
File: imagenes_identificacion/pole_stability.png Graphic file (type png)
<use imagenes_identificacion/pole_stability.png>
Package pdftex.def Info: imagenes_identificacion/pole_stability.png  used on in
put line 111.
(pdftex.def)             Requested size: 239.70367pt x 191.31342pt.

Overfull \hbox (75.05055pt too wide) has occurred while \output is active
 [][]  \T1/lmss/m/n/6 ([])  
 []


Overfull \hbox (39.00871pt too wide) has occurred while \output is active
 [][][][]  
 []

[6

 <./imagenes_identificacion/pole_stability.png>]
Overfull \hbox (75.05055pt too wide) in paragraph at lines 132--132
 [][]  \T1/lmss/m/n/6 ([])  
 []


Overfull \hbox (39.00871pt too wide) in paragraph at lines 132--132
 [][][][]  
 []


Overfull \hbox (75.05055pt too wide) has occurred while \output is active
 [][]  \T1/lmss/m/n/6 ([])  
 []


Overfull \hbox (39.00871pt too wide) has occurred while \output is active
 [][][][]  
 []

[7

]
Overfull \hbox (75.05055pt too wide) in paragraph at lines 146--146
 [][]  \T1/lmss/m/n/6 ([])  
 []


Overfull \hbox (39.00871pt too wide) in paragraph at lines 146--146
 [][][][]  
 []

<imagenes_identificacion/rls_identification.png, id=360, 859.5312pt x 570.2103p
t>
File: imagenes_identificacion/rls_identification.png Graphic file (type png)
<use imagenes_identificacion/rls_identification.png>
Package pdftex.def Info: imagenes_identificacion/rls_identification.png  used o
n input line 146.
(pdftex.def)             Requested size: 342.43532pt x 227.1752pt.

Overfull \vbox (33.6781pt too high) detected at line 146
 []


Overfull \hbox (75.05055pt too wide) has occurred while \output is active
 [][]  \T1/lmss/m/n/6 ([])  
 []


Overfull \hbox (39.00871pt too wide) has occurred while \output is active
 [][][][]  
 []

[8

 <./imagenes_identificacion/rls_identification.png>]
Overfull \hbox (75.05055pt too wide) in paragraph at lines 158--158
 [][]  \T1/lmss/m/n/6 ([])  
 []


Overfull \hbox (39.00871pt too wide) in paragraph at lines 158--158
 [][][][]  
 []

<imagenes_identificacion/forced_response_comparison.png, id=390, 714.7503pt x 4
26.1521pt>
File: imagenes_identificacion/forced_response_comparison.png Graphic file (type
 png)
<use imagenes_identificacion/forced_response_comparison.png>
Package pdftex.def Info: imagenes_identificacion/forced_response_comparison.png
  used on input line 158.
(pdftex.def)             Requested size: 342.43532pt x 204.17352pt.

Overfull \vbox (12.80556pt too high) detected at line 158
 []


Overfull \hbox (75.05055pt too wide) has occurred while \output is active
 [][]  \T1/lmss/m/n/6 ([])  
 []


Overfull \hbox (39.00871pt too wide) has occurred while \output is active
 [][][][]  
 []

[9

 <./imagenes_identificacion/forced_response_comparison.png>]
Overfull \hbox (75.05055pt too wide) in paragraph at lines 170--170
 [][]  \T1/lmss/m/n/6 ([])  
 []


Overfull \hbox (39.00871pt too wide) in paragraph at lines 170--170
 [][][][]  
 []

<imagenes_identificacion/validation_comparison.png, id=419, 859.2903pt x 570.21
03pt>
File: imagenes_identificacion/validation_comparison.png Graphic file (type png)

<use imagenes_identificacion/validation_comparison.png>
Package pdftex.def Info: imagenes_identificacion/validation_comparison.png  use
d on input line 170.
(pdftex.def)             Requested size: 342.43532pt x 227.2274pt.

Overfull \vbox (33.7303pt too high) detected at line 170
 []


Overfull \hbox (75.05055pt too wide) has occurred while \output is active
 [][]  \T1/lmss/m/n/6 ([])  
 []


Overfull \hbox (39.00871pt too wide) has occurred while \output is active
 [][][][]  
 []

[10

 <./imagenes_identificacion/validation_comparison.png>]
Overfull \hbox (75.05055pt too wide) in paragraph at lines 200--200
 [][]  \T1/lmss/m/n/6 ([])  
 []


Overfull \hbox (39.00871pt too wide) in paragraph at lines 200--200
 [][][][]  
 []


Overfull \vbox (4.6936pt too high) detected at line 200
 []


Overfull \hbox (75.05055pt too wide) has occurred while \output is active
 [][]  \T1/lmss/m/n/6 ([])  
 []


Overfull \hbox (39.00871pt too wide) has occurred while \output is active
 [][][][]  
 []

[11

]
Overfull \hbox (75.05055pt too wide) in paragraph at lines 220--220
 [][]  \T1/lmss/m/n/6 ([])  
 []


Overfull \hbox (39.00871pt too wide) in paragraph at lines 220--220
 [][][][]  
 []


Overfull \hbox (75.05055pt too wide) has occurred while \output is active
 [][]  \T1/lmss/m/n/6 ([])  
 []


Overfull \hbox (39.00871pt too wide) has occurred while \output is active
 [][][][]  
 []

[12

]
Overfull \hbox (75.05055pt too wide) in paragraph at lines 240--240
 [][]  \T1/lmss/m/n/6 ([])  
 []


Overfull \hbox (39.00871pt too wide) in paragraph at lines 240--240
 [][][][]  
 []


Overfull \hbox (75.05055pt too wide) has occurred while \output is active
 [][]  \T1/lmss/m/n/6 ([])  
 []


Overfull \hbox (39.00871pt too wide) has occurred while \output is active
 [][][][]  
 []

[13

]
Overfull \hbox (75.05055pt too wide) in paragraph at lines 252--252
 [][]  \T1/lmss/m/n/6 ([])  
 []


Overfull \hbox (39.00871pt too wide) in paragraph at lines 252--252
 [][][][]  
 []

<imagenes_identificacion_vertical/parameter_evolution_vertical.png, id=580, 859
.2903pt x 570.6921pt>
File: imagenes_identificacion_vertical/parameter_evolution_vertical.png Graphic
 file (type png)
<use imagenes_identificacion_vertical/parameter_evolution_vertical.png>
Package pdftex.def Info: imagenes_identificacion_vertical/parameter_evolution_v
ertical.png  used on input line 252.
(pdftex.def)             Requested size: 273.9493pt x 181.93726pt.

Overfull \vbox (18.39566pt too high) detected at line 252
 []


Overfull \hbox (75.05055pt too wide) has occurred while \output is active
 [][]  \T1/lmss/m/n/6 ([])  
 []


Overfull \hbox (39.00871pt too wide) has occurred while \output is active
 [][][][]  
 []

[14

 <./imagenes_identificacion_vertical/parameter_evolution_vertical.png>]
Overfull \hbox (75.05055pt too wide) in paragraph at lines 263--263
 [][]  \T1/lmss/m/n/6 ([])  
 []


Overfull \hbox (39.00871pt too wide) in paragraph at lines 263--263
 [][][][]  
 []

<imagenes_identificacion_vertical/rls_identification_vertical.png, id=609, 859.
0494pt x 570.2103pt>
File: imagenes_identificacion_vertical/rls_identification_vertical.png Graphic 
file (type png)
<use imagenes_identificacion_vertical/rls_identification_vertical.png>
Package pdftex.def Info: imagenes_identificacion_vertical/rls_identification_ve
rtical.png  used on input line 263.
(pdftex.def)             Requested size: 273.9493pt x 181.83586pt.

Overfull \vbox (30.39478pt too high) detected at line 263
 []


Overfull \hbox (75.05055pt too wide) has occurred while \output is active
 [][]  \T1/lmss/m/n/6 ([])  
 []


Overfull \hbox (39.00871pt too wide) has occurred while \output is active
 [][][][]  
 []

[15

 <./imagenes_identificacion_vertical/rls_identification_vertical.png>]
Overfull \hbox (75.05055pt too wide) in paragraph at lines 270--270
 [][]  \T1/lmss/m/n/6 ([])  
 []


Overfull \hbox (39.00871pt too wide) in paragraph at lines 270--270
 [][][][]  
 []

<imagenes_identificacion_vertical/pole_stability_vertical.png, id=650, 714.7503
pt x 570.4512pt>
File: imagenes_identificacion_vertical/pole_stability_vertical.png Graphic file
 (type png)
<use imagenes_identificacion_vertical/pole_stability_vertical.png>
Package pdftex.def Info: imagenes_identificacion_vertical/pole_stability_vertic
al.png  used on input line 270.
(pdftex.def)             Requested size: 239.70367pt x 191.31342pt.

Overfull \hbox (75.05055pt too wide) has occurred while \output is active
 [][]  \T1/lmss/m/n/6 ([])  
 []


Overfull \hbox (39.00871pt too wide) has occurred while \output is active
 [][][][]  
 []

[16

 <./imagenes_identificacion_vertical/pole_stability_vertical.png>]
Overfull \hbox (75.05055pt too wide) in paragraph at lines 290--290
 [][]  \T1/lmss/m/n/6 ([])  
 []


Overfull \hbox (39.00871pt too wide) in paragraph at lines 290--290
 [][][][]  
 []

! Missing $ inserted.
<inserted text> 
                $
l.290 \end{frame}
                 
I've inserted a begin-math/end-math symbol since I think
you left one out. Proceed, with fingers crossed.

! Extra }, or forgotten $.
<template> \unskip \hfil }
                          \hskip \tabcolsep \hskip -.5\arrayrulewidth \vrule...
l.290 \end{frame}
                 
I've deleted a group-closing symbol because it seems to be
spurious, as in `$x}$'. But perhaps the } is legitimate and
you forgot something else, as in `\hbox{$x}'. In such cases
the way to recover is to insert both the forgotten and the
deleted material, e.g., by typing `I$}'.

! Missing $ inserted.
<inserted text> 
                $
l.290 \end{frame}
                 
I've inserted a begin-math/end-math symbol since I think
you left one out. Proceed, with fingers crossed.

! Missing } inserted.
<inserted text> 
                }
l.290 \end{frame}
                 
I've inserted something that you may have forgotten.
(See the <inserted text> above.)
With luck, this will get me unwedged. But if you
really didn't forget anything, try typing `2' now; then
my insertion and my current dilemma will both disappear.

! Missing $ inserted.
<inserted text> 
                $
l.290 \end{frame}
                 
I've inserted a begin-math/end-math symbol since I think
you left one out. Proceed, with fingers crossed.

! Extra }, or forgotten $.
<template> \unskip \hfil }
                          \hskip \tabcolsep \hskip -.5\arrayrulewidth \vrule...
l.290 \end{frame}
                 
I've deleted a group-closing symbol because it seems to be
spurious, as in `$x}$'. But perhaps the } is legitimate and
you forgot something else, as in `\hbox{$x}'. In such cases
the way to recover is to insert both the forgotten and the
deleted material, e.g., by typing `I$}'.

! Missing $ inserted.
<inserted text> 
                $
l.290 \end{frame}
                 
I've inserted a begin-math/end-math symbol since I think
you left one out. Proceed, with fingers crossed.

! Missing } inserted.
<inserted text> 
                }
l.290 \end{frame}
                 
I've inserted something that you may have forgotten.
(See the <inserted text> above.)
With luck, this will get me unwedged. But if you
really didn't forget anything, try typing `2' now; then
my insertion and my current dilemma will both disappear.

! Missing $ inserted.
<inserted text> 
                $
l.290 \end{frame}
                 
I've inserted a begin-math/end-math symbol since I think
you left one out. Proceed, with fingers crossed.

! Extra }, or forgotten $.
<template> \unskip \hfil }
                          \hskip \tabcolsep \hskip -.5\arrayrulewidth \vrule...
l.290 \end{frame}
                 
I've deleted a group-closing symbol because it seems to be
spurious, as in `$x}$'. But perhaps the } is legitimate and
you forgot something else, as in `\hbox{$x}'. In such cases
the way to recover is to insert both the forgotten and the
deleted material, e.g., by typing `I$}'.

! Missing $ inserted.
<inserted text> 
                $
l.290 \end{frame}
                 
I've inserted a begin-math/end-math symbol since I think
you left one out. Proceed, with fingers crossed.

! Missing } inserted.
<inserted text> 
                }
l.290 \end{frame}
                 
I've inserted something that you may have forgotten.
(See the <inserted text> above.)
With luck, this will get me unwedged. But if you
really didn't forget anything, try typing `2' now; then
my insertion and my current dilemma will both disappear.

! Missing $ inserted.
<inserted text> 
                $
l.290 \end{frame}
                 
I've inserted a begin-math/end-math symbol since I think
you left one out. Proceed, with fingers crossed.

! Extra }, or forgotten $.
<template> \unskip \hfil }
                          \hskip \tabcolsep \hskip -.5\arrayrulewidth \vrule...
l.290 \end{frame}
                 
I've deleted a group-closing symbol because it seems to be
spurious, as in `$x}$'. But perhaps the } is legitimate and
you forgot something else, as in `\hbox{$x}'. In such cases
the way to recover is to insert both the forgotten and the
deleted material, e.g., by typing `I$}'.

! Missing $ inserted.
<inserted text> 
                $
l.290 \end{frame}
                 
I've inserted a begin-math/end-math symbol since I think
you left one out. Proceed, with fingers crossed.

! Missing } inserted.
<inserted text> 
                }
l.290 \end{frame}
                 
I've inserted something that you may have forgotten.
(See the <inserted text> above.)
With luck, this will get me unwedged. But if you
really didn't forget anything, try typing `2' now; then
my insertion and my current dilemma will both disappear.


Overfull \hbox (75.05055pt too wide) has occurred while \output is active
 [][]  \T1/lmss/m/n/6 ([])  
 []


Overfull \hbox (39.00871pt too wide) has occurred while \output is active
 [][][][]  
 []

[17

]
Overfull \hbox (75.05055pt too wide) in paragraph at lines 302--302
 [][]  \T1/lmss/m/n/6 ([])  
 []


Overfull \hbox (39.00871pt too wide) in paragraph at lines 302--302
 [][][][]  
 []

<imagenes_identificacion_vertical/validation_comparison_vertical.png, id=706, 8
59.2903pt x 570.2103pt>
File: imagenes_identificacion_vertical/validation_comparison_vertical.png Graph
ic file (type png)
<use imagenes_identificacion_vertical/validation_comparison_vertical.png>
Package pdftex.def Info: imagenes_identificacion_vertical/validation_comparison
_vertical.png  used on input line 302.
(pdftex.def)             Requested size: 342.43532pt x 227.2274pt.

Overfull \vbox (63.6858pt too high) detected at line 302
 []


Overfull \hbox (75.05055pt too wide) has occurred while \output is active
 [][]  \T1/lmss/m/n/6 ([])  
 []


Overfull \hbox (39.00871pt too wide) has occurred while \output is active
 [][][][]  
 []

[18

 <./imagenes_identificacion_vertical/validation_comparison_vertical.png>]
Overfull \hbox (75.05055pt too wide) in paragraph at lines 322--322
 [][]  \T1/lmss/m/n/6 ([])  
 []


Overfull \hbox (39.00871pt too wide) in paragraph at lines 322--322
 [][][][]  
 []


Overfull \hbox (75.05055pt too wide) has occurred while \output is active
 [][]  \T1/lmss/m/n/6 ([])  
 []


Overfull \hbox (39.00871pt too wide) has occurred while \output is active
 [][][][]  
 []

[19

]
Overfull \hbox (75.05055pt too wide) in paragraph at lines 339--339
 [][]  \T1/lmss/m/n/6 ([])  
 []


Overfull \hbox (39.00871pt too wide) in paragraph at lines 339--339
 [][][][]  
 []


Overfull \hbox (75.05055pt too wide) has occurred while \output is active
 [][]  \T1/lmss/m/n/6 ([])  
 []


Overfull \hbox (39.00871pt too wide) has occurred while \output is active
 [][][][]  
 []

[20

]
Overfull \hbox (75.05055pt too wide) in paragraph at lines 358--358
 [][]  \T1/lmss/m/n/6 ([])  
 []


Overfull \hbox (39.00871pt too wide) in paragraph at lines 358--358
 [][][][]  
 []


Overfull \hbox (75.05055pt too wide) has occurred while \output is active
 [][]  \T1/lmss/m/n/6 ([])  
 []


Overfull \hbox (39.00871pt too wide) has occurred while \output is active
 [][][][]  
 []

[21

]
Overfull \hbox (75.05055pt too wide) in paragraph at lines 369--369
 [][]  \T1/lmss/m/n/6 ([])  
 []


Overfull \hbox (39.00871pt too wide) in paragraph at lines 369--369
 [][][][]  
 []

<imagenes_identificacion_narx/narx_identification.png, id=866, 858.3267pt x 570
.2103pt>
File: imagenes_identificacion_narx/narx_identification.png Graphic file (type p
ng)
<use imagenes_identificacion_narx/narx_identification.png>
Package pdftex.def Info: imagenes_identificacion_narx/narx_identification.png  
used on input line 369.
(pdftex.def)             Requested size: 273.9493pt x 181.99248pt.

Overfull \vbox (18.45088pt too high) detected at line 369
 []


Overfull \hbox (75.05055pt too wide) has occurred while \output is active
 [][]  \T1/lmss/m/n/6 ([])  
 []


Overfull \hbox (39.00871pt too wide) has occurred while \output is active
 [][][][]  
 []

[22

 <./imagenes_identificacion_narx/narx_identification.png>]
Overfull \hbox (75.05055pt too wide) in paragraph at lines 381--381
 [][]  \T1/lmss/m/n/6 ([])  
 []


Overfull \hbox (39.00871pt too wide) in paragraph at lines 381--381
 [][][][]  
 []

<imagenes_identificacion_narx/narx_parameters.png, id=895, 857.3631pt x 569.487
6pt>
File: imagenes_identificacion_narx/narx_parameters.png Graphic file (type png)
<use imagenes_identificacion_narx/narx_parameters.png>
Package pdftex.def Info: imagenes_identificacion_narx/narx_parameters.png  used
 on input line 381.
(pdftex.def)             Requested size: 308.18968pt x 204.71124pt.

Overfull \vbox (41.778pt too high) detected at line 381
 []


Overfull \hbox (75.05055pt too wide) has occurred while \output is active
 [][]  \T1/lmss/m/n/6 ([])  
 []


Overfull \hbox (39.00871pt too wide) has occurred while \output is active
 [][][][]  
 []

[23

 <./imagenes_identificacion_narx/narx_parameters.png>]
Overfull \hbox (75.05055pt too wide) in paragraph at lines 392--392
 [][]  \T1/lmss/m/n/6 ([])  
 []


Overfull \hbox (39.00871pt too wide) in paragraph at lines 392--392
 [][][][]  
 []

<imagenes_identificacion_narx/narx_vs_linear.png, id=924, 859.2903pt x 425.9112
pt>
File: imagenes_identificacion_narx/narx_vs_linear.png Graphic file (type png)
<use imagenes_identificacion_narx/narx_vs_linear.png>
Package pdftex.def Info: imagenes_identificacion_narx/narx_vs_linear.png  used 
on input line 392.
(pdftex.def)             Requested size: 308.18968pt x 152.756pt.

Overfull \hbox (75.05055pt too wide) has occurred while \output is active
 [][]  \T1/lmss/m/n/6 ([])  
 []


Overfull \hbox (39.00871pt too wide) has occurred while \output is active
 [][][][]  
 []

[24

 <./imagenes_identificacion_narx/narx_vs_linear.png>]
Overfull \hbox (75.05055pt too wide) in paragraph at lines 413--413
 [][]  \T1/lmss/m/n/6 ([])  
 []


Overfull \hbox (39.00871pt too wide) in paragraph at lines 413--413
 [][][][]  
 []


Overfull \hbox (75.05055pt too wide) has occurred while \output is active
 [][]  \T1/lmss/m/n/6 ([])  
 []


Overfull \hbox (39.00871pt too wide) has occurred while \output is active
 [][][][]  
 []

[25

]
Overfull \hbox (75.05055pt too wide) in paragraph at lines 420--420
 [][]  \T1/lmss/m/n/6 ([])  
 []


Overfull \hbox (39.00871pt too wide) in paragraph at lines 420--420
 [][][][]  
 []


Overfull \hbox (75.05055pt too wide) has occurred while \output is active
 [][]  \T1/lmss/m/n/6 ([])  
 []


Overfull \hbox (39.00871pt too wide) has occurred while \output is active
 [][][][]  
 []

[26

]
Overfull \hbox (75.05055pt too wide) in paragraph at lines 431--431
 [][]  \T1/lmss/m/n/6 ([])  
 []


Overfull \hbox (39.00871pt too wide) in paragraph at lines 431--431
 [][][][]  
 []

<imagenes_identificacion_oe/oe_identification.png, id=1033, 859.2903pt x 570.45
12pt>
File: imagenes_identificacion_oe/oe_identification.png Graphic file (type png)
<use imagenes_identificacion_oe/oe_identification.png>
Package pdftex.def Info: imagenes_identificacion_oe/oe_identification.png  used
 on input line 431.
(pdftex.def)             Requested size: 273.9493pt x 181.86046pt.

Overfull \vbox (18.31886pt too high) detected at line 431
 []


Overfull \hbox (75.05055pt too wide) has occurred while \output is active
 [][]  \T1/lmss/m/n/6 ([])  
 []


Overfull \hbox (39.00871pt too wide) has occurred while \output is active
 [][][][]  
 []

[27

 <./imagenes_identificacion_oe/oe_identification.png>]
Overfull \hbox (75.05055pt too wide) in paragraph at lines 443--443
 [][]  \T1/lmss/m/n/6 ([])  
 []


Overfull \hbox (39.00871pt too wide) in paragraph at lines 443--443
 [][][][]  
 []

<imagenes_identificacion_oe/oe_parameters.png, id=1062, 857.1222pt x 569.4876pt
>
File: imagenes_identificacion_oe/oe_parameters.png Graphic file (type png)
<use imagenes_identificacion_oe/oe_parameters.png>
Package pdftex.def Info: imagenes_identificacion_oe/oe_parameters.png  used on 
input line 443.
(pdftex.def)             Requested size: 308.18968pt x 204.77206pt.

Overfull \vbox (41.23047pt too high) detected at line 443
 []


Overfull \hbox (75.05055pt too wide) has occurred while \output is active
 [][]  \T1/lmss/m/n/6 ([])  
 []


Overfull \hbox (39.00871pt too wide) has occurred while \output is active
 [][][][]  
 []

[28

 <./imagenes_identificacion_oe/oe_parameters.png>]
Overfull \hbox (75.05055pt too wide) in paragraph at lines 454--454
 [][]  \T1/lmss/m/n/6 ([])  
 []


Overfull \hbox (39.00871pt too wide) in paragraph at lines 454--454
 [][][][]  
 []

<imagenes_identificacion_oe/oe_vs_linear.png, id=1091, 859.2903pt x 425.9112pt>

File: imagenes_identificacion_oe/oe_vs_linear.png Graphic file (type png)
<use imagenes_identificacion_oe/oe_vs_linear.png>
Package pdftex.def Info: imagenes_identificacion_oe/oe_vs_linear.png  used on i
nput line 454.
(pdftex.def)             Requested size: 308.18968pt x 152.756pt.

Overfull \hbox (75.05055pt too wide) has occurred while \output is active
 [][]  \T1/lmss/m/n/6 ([])  
 []


Overfull \hbox (39.00871pt too wide) has occurred while \output is active
 [][][][]  
 []

[29

 <./imagenes_identificacion_oe/oe_vs_linear.png>]
Overfull \hbox (75.05055pt too wide) in paragraph at lines 472--472
 [][]  \T1/lmss/m/n/6 ([])  
 []


Overfull \hbox (39.00871pt too wide) in paragraph at lines 472--472
 [][][][]  
 []


Overfull \hbox (75.05055pt too wide) has occurred while \output is active
 [][]  \T1/lmss/m/n/6 ([])  
 []


Overfull \hbox (39.00871pt too wide) has occurred while \output is active
 [][][][]  
 []

[30

]
Overfull \hbox (75.05055pt too wide) in paragraph at lines 488--488
 [][]  \T1/lmss/m/n/6 ([])  
 []


Overfull \hbox (39.00871pt too wide) in paragraph at lines 488--488
 [][][][]  
 []


Overfull \hbox (75.05055pt too wide) has occurred while \output is active
 [][]  \T1/lmss/m/n/6 ([])  
 []


Overfull \hbox (39.00871pt too wide) has occurred while \output is active
 [][][][]  
 []

[31

]
Overfull \hbox (75.05055pt too wide) in paragraph at lines 501--501
 [][]  \T1/lmss/m/n/6 ([])  
 []


Overfull \hbox (39.00871pt too wide) in paragraph at lines 501--501
 [][][][]  
 []


Overfull \hbox (75.05055pt too wide) has occurred while \output is active
 [][]  \T1/lmss/m/n/6 ([])  
 []


Overfull \hbox (39.00871pt too wide) has occurred while \output is active
 [][][][]  
 []

[32

]
Overfull \hbox (75.05055pt too wide) in paragraph at lines 516--516
 [][]  \T1/lmss/m/n/6 ([])  
 []


Overfull \hbox (39.00871pt too wide) in paragraph at lines 516--516
 [][][][]  
 []


Overfull \hbox (75.05055pt too wide) has occurred while \output is active
 [][]  \T1/lmss/m/n/6 ([])  
 []


Overfull \hbox (39.00871pt too wide) has occurred while \output is active
 [][][][]  
 []

[33

]
Overfull \hbox (75.05055pt too wide) in paragraph at lines 528--528
 [][]  \T1/lmss/m/n/6 ([])  
 []


Overfull \hbox (39.00871pt too wide) in paragraph at lines 528--528
 [][][][]  
 []

<imagenes_identificacion_pi_control/pi_control_response.png, id=1303, 859.2903p
t x 425.9112pt>
File: imagenes_identificacion_pi_control/pi_control_response.png Graphic file (
type png)
<use imagenes_identificacion_pi_control/pi_control_response.png>
Package pdftex.def Info: imagenes_identificacion_pi_control/pi_control_response
.png  used on input line 528.
(pdftex.def)             Requested size: 308.18968pt x 152.756pt.

Overfull \hbox (75.05055pt too wide) has occurred while \output is active
 [][]  \T1/lmss/m/n/6 ([])  
 []


Overfull \hbox (39.00871pt too wide) has occurred while \output is active
 [][][][]  
 []

[34

 <./imagenes_identificacion_pi_control/pi_control_response.png>]
Overfull \hbox (75.05055pt too wide) in paragraph at lines 544--544
 [][]  \T1/lmss/m/n/6 ([])  
 []


Overfull \hbox (39.00871pt too wide) in paragraph at lines 544--544
 [][][][]  
 []


Overfull \hbox (75.05055pt too wide) has occurred while \output is active
 [][]  \T1/lmss/m/n/6 ([])  
 []


Overfull \hbox (39.00871pt too wide) has occurred while \output is active
 [][][][]  
 []

[35

]
Overfull \hbox (75.05055pt too wide) in paragraph at lines 556--556
 [][]  \T1/lmss/m/n/6 ([])  
 []


Overfull \hbox (39.00871pt too wide) in paragraph at lines 556--556
 [][][][]  
 []


Overfull \hbox (75.05055pt too wide) has occurred while \output is active
 [][]  \T1/lmss/m/n/6 ([])  
 []


Overfull \hbox (39.00871pt too wide) has occurred while \output is active
 [][][][]  
 []

[36

]
Overfull \hbox (75.05055pt too wide) in paragraph at lines 562--562
 [][]  \T1/lmss/m/n/6 ([])  
 []


Overfull \hbox (39.00871pt too wide) in paragraph at lines 562--562
 [][][][]  
 []

<imagenes_identificacion_pi_control/armax_closed_loop_identification.png, id=14
10, 859.2903pt x 570.4512pt>
File: imagenes_identificacion_pi_control/armax_closed_loop_identification.png G
raphic file (type png)
<use imagenes_identificacion_pi_control/armax_closed_loop_identification.png>
Package pdftex.def Info: imagenes_identificacion_pi_control/armax_closed_loop_i
dentification.png  used on input line 562.
(pdftex.def)             Requested size: 308.18968pt x 204.59628pt.

Overfull \hbox (75.05055pt too wide) has occurred while \output is active
 [][]  \T1/lmss/m/n/6 ([])  
 []


Overfull \hbox (39.00871pt too wide) has occurred while \output is active
 [][][][]  
 []

[37

 <./imagenes_identificacion_pi_control/armax_closed_loop_identification.png>]
Overfull \hbox (75.05055pt too wide) in paragraph at lines 573--573
 [][]  \T1/lmss/m/n/6 ([])  
 []


Overfull \hbox (39.00871pt too wide) in paragraph at lines 573--573
 [][][][]  
 []

<imagenes_identificacion_pi_control/armax_closed_loop_validation.png, id=1440, 
859.2903pt x 425.9112pt>
File: imagenes_identificacion_pi_control/armax_closed_loop_validation.png Graph
ic file (type png)
<use imagenes_identificacion_pi_control/armax_closed_loop_validation.png>
Package pdftex.def Info: imagenes_identificacion_pi_control/armax_closed_loop_v
alidation.png  used on input line 573.
(pdftex.def)             Requested size: 273.9493pt x 135.78094pt.

Overfull \hbox (75.05055pt too wide) has occurred while \output is active
 [][]  \T1/lmss/m/n/6 ([])  
 []


Overfull \hbox (39.00871pt too wide) has occurred while \output is active
 [][][][]  
 []

[38

 <./imagenes_identificacion_pi_control/armax_closed_loop_validation.png>]
Overfull \hbox (75.05055pt too wide) in paragraph at lines 592--592
 [][]  \T1/lmss/m/n/6 ([])  
 []


Overfull \hbox (39.00871pt too wide) in paragraph at lines 592--592
 [][][][]  
 []


Overfull \hbox (75.05055pt too wide) has occurred while \output is active
 [][]  \T1/lmss/m/n/6 ([])  
 []


Overfull \hbox (39.00871pt too wide) has occurred while \output is active
 [][][][]  
 []

[39

]
\tf@nav=\write6
\openout6 = `presentacion_armax_final.nav'.

\tf@toc=\write7
\openout7 = `presentacion_armax_final.toc'.

\tf@snm=\write8
\openout8 = `presentacion_armax_final.snm'.

 (presentacion_armax_final.aux)
 ***********
LaTeX2e <2023-11-01> patch level 1
L3 programming layer <2024-01-04>
 ***********


Package rerunfilecheck Warning: File `presentacion_armax_final.out' has changed
.
(rerunfilecheck)                Rerun to get outlines right
(rerunfilecheck)                or use package `bookmark'.

Package rerunfilecheck Info: Checksums for `presentacion_armax_final.out':
(rerunfilecheck)             Before: <no file>
(rerunfilecheck)             After:  E8DF44F2C603B50981131DE8C923B2B8;1593.
 ) 
Here is how much of TeX's memory you used:
 25528 strings out of 474486
 521452 string characters out of 5743754
 1942542 words of memory out of 5000000
 47200 multiletter control sequences out of 15000+600000
 599245 words of font info for 66 fonts, out of 8000000 for 9000
 1141 hyphenation exceptions out of 8191
 128i,15n,123p,422b,685s stack positions out of 10000i,1000n,20000p,200000b,200000s
<C:/Users/lucas/AppData/Local/Programs/MiKTeX/fonts/type1/public/lm/lmex10.pf
b><C:/Users/lucas/AppData/Local/Programs/MiKTeX/fonts/type1/public/lm/lmmi10.pf
b><C:/Users/lucas/AppData/Local/Programs/MiKTeX/fonts/type1/public/lm/lmmi8.pfb
><C:/Users/lucas/AppData/Local/Programs/MiKTeX/fonts/type1/public/lm/lmss10.pfb
><C:/Users/lucas/AppData/Local/Programs/MiKTeX/fonts/type1/public/lm/lmss12.pfb
><C:/Users/lucas/AppData/Local/Programs/MiKTeX/fonts/type1/public/lm/lmss8.pfb>
<C:/Users/lucas/AppData/Local/Programs/MiKTeX/fonts/type1/public/lm/lmssbx10.pf
b><C:/Users/lucas/AppData/Local/Programs/MiKTeX/fonts/type1/public/lm/lmsso10.p
fb><C:/Users/lucas/AppData/Local/Programs/MiKTeX/fonts/type1/public/lm/lmsso8.p
fb><C:/Users/lucas/AppData/Local/Programs/MiKTeX/fonts/type1/public/lm/lmsy10.p
fb><C:/Users/lucas/AppData/Local/Programs/MiKTeX/fonts/type1/public/lm/lmsy8.pf
b>
Output written on presentacion_armax_final.pdf (39 pages, 6950593 bytes).
PDF statistics:
 1596 PDF objects out of 1728 (max. 8388607)
 87 named destinations out of 1000 (max. 500000)
 1291 words of extra memory for PDF output out of 10000 (max. 10000000)

