\BOOKMARK [1][-]{section.0.1}{\376\377\000I\000n\000t\000r\000o\000d\000u\000c\000c\000i\000\363\000n}{}% 1
\BOOKMARK [1][-]{section.0.2}{\376\377\000M\000o\000d\000e\000l\000o\000\040\000d\000e\000l\000\040\000S\000i\000s\000t\000e\000m\000a}{}% 2
\BOOKMARK [2][-]{subsection.0.2.1}{\376\377\000P\000l\000a\000n\000t\000a\000\040\000N\000o\000\040\000L\000i\000n\000e\000a\000l}{section.0.2}% 3
\BOOKMARK [2][-]{subsection.0.2.2}{\376\377\000L\000i\000n\000e\000a\000l\000i\000z\000a\000c\000i\000\363\000n\000\040\000y\000\040\000D\000i\000s\000c\000r\000e\000t\000i\000z\000a\000c\000i\000\363\000n}{section.0.2}% 4
\BOOKMARK [1][-]{section.0.3}{\376\377\000M\000\351\000t\000o\000d\000o\000s\000\040\000d\000e\000\040\000I\000d\000e\000n\000t\000i\000f\000i\000c\000a\000c\000i\000\363\000n\000\040\000P\000a\000r\000a\000m\000\351\000t\000r\000i\000c\000a}{}% 5
\BOOKMARK [2][-]{subsection.0.3.1}{\376\377\000M\000\351\000t\000o\000d\000o\000\040\000A\000R\000X\000\040\000\050\000A\000u\000t\000o\000R\000e\000g\000r\000e\000s\000s\000i\000v\000e\000\040\000w\000i\000t\000h\000\040\000e\000X\000o\000g\000e\000n\000o\000u\000s\000\040\000i\000n\000p\000u\000t\000\051}{section.0.3}% 6
\BOOKMARK [2][-]{subsection.0.3.2}{\376\377\000M\000\351\000t\000o\000d\000o\000\040\000R\000L\000S\000\040\000\050\000R\000e\000c\000u\000r\000s\000i\000v\000e\000\040\000L\000e\000a\000s\000t\000\040\000S\000q\000u\000a\000r\000e\000s\000\051}{section.0.3}% 7
\BOOKMARK [2][-]{subsection.0.3.3}{\376\377\000M\000\351\000t\000o\000d\000o\000\040\000N\000A\000R\000X\000\040\000\050\000N\000o\000n\000l\000i\000n\000e\000a\000r\000\040\000A\000u\000t\000o\000R\000e\000g\000r\000e\000s\000s\000i\000v\000e\000\040\000w\000i\000t\000h\000\040\000e\000X\000o\000g\000e\000n\000o\000u\000s\000\040\000i\000n\000p\000u\000t\000\051}{section.0.3}% 8
\BOOKMARK [2][-]{subsection.0.3.4}{\376\377\000M\000\351\000t\000o\000d\000o\000\040\000A\000R\000M\000A\000X\000\040\000\050\000A\000u\000t\000o\000R\000e\000g\000r\000e\000s\000s\000i\000v\000e\000\040\000M\000o\000v\000i\000n\000g\000\040\000A\000v\000e\000r\000a\000g\000e\000\040\000w\000i\000t\000h\000\040\000e\000X\000o\000g\000e\000n\000o\000u\000s\000\051}{section.0.3}% 9
\BOOKMARK [2][-]{subsection.0.3.5}{\376\377\000M\000\351\000t\000o\000d\000o\000\040\000O\000u\000t\000p\000u\000t\000\040\000E\000r\000r\000o\000r\000\040\000\050\000O\000E\000\051}{section.0.3}% 10
\BOOKMARK [2][-]{subsection.0.3.6}{\376\377\000M\000\351\000t\000o\000d\000o\000\040\000B\000o\000x\000-\000J\000e\000n\000k\000i\000n\000s\000\040\000\050\000B\000J\000\051}{section.0.3}% 11
\BOOKMARK [1][-]{section.0.4}{\376\377\000M\000\351\000t\000o\000d\000o\000s\000\040\000d\000e\000\040\000I\000d\000e\000n\000t\000i\000f\000i\000c\000a\000c\000i\000\363\000n\000\040\000N\000o\000\040\000P\000a\000r\000a\000m\000\351\000t\000r\000i\000c\000a}{}% 12
\BOOKMARK [2][-]{subsection.0.4.1}{\376\377\000E\000T\000F\000E\000\040\000\050\000E\000m\000p\000i\000r\000i\000c\000a\000l\000\040\000T\000r\000a\000n\000s\000f\000e\000r\000\040\000F\000u\000n\000c\000t\000i\000o\000n\000\040\000E\000s\000t\000i\000m\000a\000t\000e\000\051}{section.0.4}% 13
\BOOKMARK [2][-]{subsection.0.4.2}{\376\377\000F\000u\000n\000c\000i\000\363\000n\000\040\000d\000e\000\040\000C\000o\000h\000e\000r\000e\000n\000c\000i\000a}{section.0.4}% 14
\BOOKMARK [1][-]{section.0.5}{\376\377\000M\000\351\000t\000o\000d\000o\000s\000\040\000d\000e\000\040\000S\000u\000b\000e\000s\000p\000a\000c\000i\000o}{}% 15
\BOOKMARK [2][-]{subsection.0.5.1}{\376\377\000N\0004\000S\000I\000D\000\040\000\050\000N\000u\000m\000e\000r\000i\000c\000a\000l\000\040\000a\000l\000g\000o\000r\000i\000t\000h\000m\000s\000\040\000f\000o\000r\000\040\000S\000u\000b\000s\000p\000a\000c\000e\000\040\000S\000t\000a\000t\000e\000\040\000S\000p\000a\000c\000e\000\040\000S\000y\000s\000t\000e\000m\000\040\000I\000D\000e\000n\000t\000i\000f\000i\000c\000a\000t\000i\000o\000n\000\051}{section.0.5}% 16
\BOOKMARK [1][-]{section.0.6}{\376\377\000M\000\351\000t\000o\000d\000o\000s\000\040\000d\000e\000\040\000V\000a\000l\000i\000d\000a\000c\000i\000\363\000n\000\040\000A\000v\000a\000n\000z\000a\000d\000a}{}% 17
\BOOKMARK [2][-]{subsection.0.6.1}{\376\377\000V\000a\000l\000i\000d\000a\000c\000i\000\363\000n\000\040\000C\000r\000u\000z\000a\000d\000a\000\040\000k\000-\000f\000o\000l\000d}{section.0.6}% 18
\BOOKMARK [2][-]{subsection.0.6.2}{\376\377\000I\000n\000t\000e\000r\000v\000a\000l\000o\000s\000\040\000d\000e\000\040\000C\000o\000n\000f\000i\000a\000n\000z\000a}{section.0.6}% 19
\BOOKMARK [2][-]{subsection.0.6.3}{\376\377\000S\000e\000l\000e\000c\000c\000i\000\363\000n\000\040\000d\000e\000\040\000O\000r\000d\000e\000n\000\040\000d\000e\000l\000\040\000M\000o\000d\000e\000l\000o}{section.0.6}% 20
\BOOKMARK [1][-]{section.0.7}{\376\377\000G\000e\000n\000e\000r\000a\000c\000i\000\363\000n\000\040\000d\000e\000\040\000D\000a\000t\000o\000s\000\040\000E\000x\000p\000e\000r\000i\000m\000e\000n\000t\000a\000l\000e\000s}{}% 21
\BOOKMARK [1][-]{section.0.8}{\376\377\000R\000e\000s\000u\000l\000t\000a\000d\000o\000s\000\040\000d\000e\000\040\000I\000d\000e\000n\000t\000i\000f\000i\000c\000a\000c\000i\000\363\000n}{}% 22
\BOOKMARK [2][-]{subsection.0.8.1}{\376\377\000P\000a\000r\000\341\000m\000e\000t\000r\000o\000s\000\040\000E\000s\000t\000i\000m\000a\000d\000o\000s}{section.0.8}% 23
\BOOKMARK [2][-]{subsection.0.8.2}{\376\377\000R\000e\000n\000d\000i\000m\000i\000e\000n\000t\000o\000\040\000d\000e\000\040\000l\000o\000s\000\040\000M\000o\000d\000e\000l\000o\000s}{section.0.8}% 24
\BOOKMARK [2][-]{subsection.0.8.3}{\376\377\000V\000a\000l\000i\000d\000a\000c\000i\000\363\000n\000\040\000E\000s\000t\000a\000d\000\355\000s\000t\000i\000c\000a}{section.0.8}% 25
\BOOKMARK [2][-]{subsection.0.8.4}{\376\377\000S\000e\000l\000e\000c\000c\000i\000\363\000n\000\040\000d\000e\000\040\000O\000r\000d\000e\000n\000\040\000d\000e\000l\000\040\000M\000o\000d\000e\000l\000o}{section.0.8}% 26
\BOOKMARK [2][-]{subsection.0.8.5}{\376\377\000A\000n\000\341\000l\000i\000s\000i\000s\000\040\000d\000e\000\040\000R\000e\000s\000u\000l\000t\000a\000d\000o\000s}{section.0.8}% 27
\BOOKMARK [1][-]{section.0.9}{\376\377\000A\000n\000\341\000l\000i\000s\000i\000s\000\040\000y\000\040\000D\000i\000s\000c\000u\000s\000i\000\363\000n}{}% 28
\BOOKMARK [2][-]{subsection.0.9.1}{\376\377\000C\000a\000u\000s\000a\000s\000\040\000d\000e\000l\000\040\000F\000r\000a\000c\000a\000s\000o\000\040\000e\000n\000\040\000l\000a\000\040\000I\000d\000e\000n\000t\000i\000f\000i\000c\000a\000c\000i\000\363\000n}{section.0.9}% 29
\BOOKMARK [2][-]{subsection.0.9.2}{\376\377\000L\000e\000c\000c\000i\000o\000n\000e\000s\000\040\000A\000p\000r\000e\000n\000d\000i\000d\000a\000s}{section.0.9}% 30
\BOOKMARK [2][-]{subsection.0.9.3}{\376\377\000L\000i\000m\000i\000t\000a\000c\000i\000o\000n\000e\000s\000\040\000d\000e\000l\000\040\000E\000n\000s\000a\000y\000o}{section.0.9}% 31
\BOOKMARK [2][-]{subsection.0.9.4}{\376\377\000R\000e\000c\000o\000m\000e\000n\000d\000a\000c\000i\000o\000n\000e\000s\000\040\000p\000a\000r\000a\000\040\000F\000u\000t\000u\000r\000a\000s\000\040\000I\000m\000p\000l\000e\000m\000e\000n\000t\000a\000c\000i\000o\000n\000e\000s}{section.0.9}% 32
\BOOKMARK [1][-]{section.0.10}{\376\377\000C\000o\000n\000c\000l\000u\000s\000i\000o\000n\000e\000s}{}% 33
\BOOKMARK [2][-]{subsection.0.10.1}{\376\377\000P\000r\000i\000n\000c\000i\000p\000a\000l\000e\000s\000\040\000H\000a\000l\000l\000a\000z\000g\000o\000s}{section.0.10}% 34
\BOOKMARK [2][-]{subsection.0.10.2}{\376\377\000C\000o\000n\000c\000l\000u\000s\000i\000\363\000n\000\040\000F\000i\000n\000a\000l}{section.0.10}% 35
\BOOKMARK [2][-]{subsection.0.10.3}{\376\377\000N\000o\000t\000a\000\040\000s\000o\000b\000r\000e\000\040\000I\000m\000\341\000g\000e\000n\000e\000s}{section.0.10}% 36
